ARM Linker, 4.1 [Build 481] [Standard]

==============================================================================

Section Cross References

    main.o(.text) refers to system_stm32f10x.o(.text) for SystemInit
    main.o(.text) refers to lcd_driver.o(.text) for TFT_ClearScreen
    main.o(.text) refers to gui.o(.text) for GUI_Box
    main.o(.text) refers to public.o(.text) for Delay_Init
    main.o(.text) refers to flash.o(.text) for FLASH_Init
    main.o(.text) refers to touch.o(.text) for TOUCH_Init
    main.o(.text) refers to led.o(.text) for LED_Init
    main.o(.text) refers to beep.o(.text) for BEEP_Init
    main.o(.text) refers to smg.o(.text) for smg_init
    main.o(.text) refers to adc.o(.text) for adc_init
    main.o(.text) refers to key.o(.text) for key_init
    main.o(.text) refers to ds18b20.o(.text) for ds18b20_init
    main.o(.text) refers to iic.o(.text) for I2C_INIT
    main.o(.text) refers to rtc.o(.text) for rtc_init
    main.o(.text) refers to hwjs.o(.text) for hwjs_init
    main.o(.text) refers to sram.o(.text) for SRAM_Config
    main.o(.text) refers to dac.o(.text) for dac_init
    main.o(.text) refers to os_core.o(.text) for OSInit
    main.o(.text) refers to os_task.o(.text) for OSTaskCreate
    main.o(.text) refers to main.o(.bss) for START_TASK_STK
    main.o(.text) refers to start_task.o(.text) for start_task
    stm32f10x_it.o(.text) refers to stm32f10x_usart.o(.text) for USART_ClearFlag
    stm32f10x_it.o(.text) refers to stm32f10x_gpio.o(.text) for GPIO_SetBits
    stm32f10x_it.o(.text) refers to public.o(.text) for Delay_ms
    stm32f10x_it.o(.text) refers to os_core.o(.text) for OSIntEnter
    stm32f10x_it.o(.text) refers to stm32f10x_rtc.o(.text) for RTC_GetITStatus
    stm32f10x_it.o(.text) refers to hwjs.o(.text) for HW_jssj
    stm32f10x_it.o(.text) refers to stm32f10x_exti.o(.text) for EXTI_ClearITPendingBit
    stm32f10x_it.o(.text) refers to stm32f10x_it.o(.data) for k
    stm32f10x_it.o(.text) refers to rtc.o(.data) for timebz
    stm32f10x_it.o(.text) refers to hwjs.o(.data) for hw_jsm
    public.o(.text) refers to misc.o(.text) for SysTick_CLKSourceConfig
    public.o(.text) refers to os_time.o(.text) for OSTimeDly
    public.o(.text) refers to system_stm32f10x.o(.data) for SystemCoreClock
    public.o(.text) refers to public.o(.data) for fac_us
    public.o(.text) refers to os_core.o(.data) for OSRunning
    system_stm32f10x.o(.text) refers to system_stm32f10x.o(.data) for SystemCoreClock
    startup_stm32f10x_hd.o(STACK) refers (Special) to heapauxi.o(.text) for __use_two_region_memory
    startup_stm32f10x_hd.o(HEAP) refers (Special) to heapauxi.o(.text) for __use_two_region_memory
    startup_stm32f10x_hd.o(RESET) refers (Special) to heapauxi.o(.text) for __use_two_region_memory
    startup_stm32f10x_hd.o(RESET) refers to startup_stm32f10x_hd.o(STACK) for __initial_sp
    startup_stm32f10x_hd.o(RESET) refers to startup_stm32f10x_hd.o(.text) for Reset_Handler
    startup_stm32f10x_hd.o(RESET) refers to stm32f10x_it.o(.text) for NMI_Handler
    startup_stm32f10x_hd.o(RESET) refers to os_cpu_a.o(.text) for PendSV_Handler
    startup_stm32f10x_hd.o(RESET) refers to can.o(.text) for USB_LP_CAN1_RX0_IRQHandler
    startup_stm32f10x_hd.o(.text) refers (Special) to heapauxi.o(.text) for __use_two_region_memory
    startup_stm32f10x_hd.o(.text) refers to system_stm32f10x.o(.text) for SystemInit
    startup_stm32f10x_hd.o(.text) refers to __main.o(!!!main) for __main
    startup_stm32f10x_hd.o(.text) refers to startup_stm32f10x_hd.o(HEAP) for Heap_Mem
    startup_stm32f10x_hd.o(.text) refers to startup_stm32f10x_hd.o(STACK) for Stack_Mem
    stm32f10x_gpio.o(.text) refers to stm32f10x_rcc.o(.text) for RCC_APB2PeriphResetCmd
    stm32f10x_rcc.o(.text) refers to stm32f10x_rcc.o(.data) for APBAHBPrescTable
    stm32f10x_spi.o(.text) refers to stm32f10x_rcc.o(.text) for RCC_APB2PeriphResetCmd
    stm32f10x_adc.o(.text) refers to stm32f10x_rcc.o(.text) for RCC_APB2PeriphResetCmd
    stm32f10x_bkp.o(.text) refers to stm32f10x_rcc.o(.text) for RCC_BackupResetCmd
    stm32f10x_pwr.o(.text) refers to stm32f10x_rcc.o(.text) for RCC_APB1PeriphResetCmd
    stm32f10x_dac.o(.text) refers to stm32f10x_rcc.o(.text) for RCC_APB1PeriphResetCmd
    stm32f10x_usart.o(.text) refers to stm32f10x_rcc.o(.text) for RCC_APB2PeriphResetCmd
    stm32f10x_can.o(.text) refers to stm32f10x_rcc.o(.text) for RCC_APB1PeriphResetCmd
    flash.o(.text) refers to stm32f10x_gpio.o(.text) for GPIO_ResetBits
    flash.o(.text) refers to spi.o(.text) for SPI2_WriteReadData
    flash.o(.text) refers to stm32f10x_rcc.o(.text) for RCC_APB2PeriphClockCmd
    flash.o(.text) refers to malloc.o(.text) for malloc
    flash.o(.text) refers to touch.o(.text) for TOUCH_Scan
    flash.o(.text) refers to lcd_driver.o(.text) for TFT_ClearScreen
    flash.o(.text) refers to gui.o(.text) for GUI_Show12Char
    flash.o(.text) refers to systick.o(.text) for delay_ms
[...]
    Delay                                    0x08000829   Thumb Code    12  public.o(.text)
    SystemInit                               0x08000911   Thumb Code    78  system_stm32f10x.o(.text)
    SystemCoreClockUpdate                    0x0800095f   Thumb Code   142  system_stm32f10x.o(.text)
    Reset_Handler                            0x08000a11   Thumb Code     8  startup_stm32f10x_hd.o(.text)
    ADC1_2_IRQHandler                        0x08000a2b   Thumb Code     0  startup_stm32f10x_hd.o(.text)
    ADC3_IRQHandler                          0x08000a2b   Thumb Code     0  startup_stm32f10x_hd.o(.text)
    CAN1_RX1_IRQHandler                      0x08000a2b   Thumb Code     0  startup_stm32f10x_hd.o(.text)
    CAN1_SCE_IRQHandler                      0x08000a2b   Thumb Code     0  startup_stm32f10x_hd.o(.text)
    DMA1_Channel1_IRQHandler                 0x08000a2b   Thumb Code     0  startup_stm32f10x_hd.o(.text)
    DMA1_Channel2_IRQHandler                 0x08000a2b   Thumb Code     0  startup_stm32f10x_hd.o(.text)
    DMA1_Channel3_IRQHandler                 0x08000a2b   Thumb Code     0  startup_stm32f10x_hd.o(.text)
    DMA1_Channel4_IRQHandler                 0x08000a2b   Thumb Code     0  startup_stm32f10x_hd.o(.text)
    DMA1_Channel5_IRQHandler                 0x08000a2b   Thumb Code     0  startup_stm32f10x_hd.o(.text)
    DMA1_Channel6_IRQHandler                 0x08000a2b   Thumb Code     0  startup_stm32f10x_hd.o(.text)
    DMA1_Channel7_IRQHandler                 0x08000a2b   Thumb Code     0  startup_stm32f10x_hd.o(.text)
    DMA2_Channel1_IRQHandler                 0x08000a2b   Thumb Code     0  startup_stm32f10x_hd.o(.text)
    DMA2_Channel2_IRQHandler                 0x08000a2b   Thumb Code     0  startup_stm32f10x_hd.o(.text)
    DMA2_Channel3_IRQHandler                 0x08000a2b   Thumb Code     0  startup_stm32f10x_hd.o(.text)
    DMA2_Channel4_5_IRQHandler               0x08000a2b   Thumb Code     0  startup_stm32f10x_hd.o(.text)
    EXTI0_IRQHandler                         0x08000a2b   Thumb Code     0  startup_stm32f10x_hd.o(.text)
    EXTI4_IRQHandler                         0x08000a2b   Thumb Code     0  startup_stm32f10x_hd.o(.text)
    FLASH_IRQHandler                         0x08000a2b   Thumb Code     0  startup_stm32f10x_hd.o(.text)
    FSMC_IRQHandler                          0x08000a2b   Thumb Code     0  startup_stm32f10x_hd.o(.text)
    I2C1_ER_IRQHandler                       0x08000a2b   Thumb Code     0  startup_stm32f10x_hd.o(.text)
    I2C1_EV_IRQHandler                       0x08000a2b   Thumb Code     0  startup_stm32f10x_hd.o(.text)
    I2C2_ER_IRQHandler                       0x08000a2b   Thumb Code     0  startup_stm32f10x_hd.o(.text)
    I2C2_EV_IRQHandler                       0x08000a2b   Thumb Code     0  startup_stm32f10x_hd.o(.text)
    PVD_IRQHandler                           0x08000a2b   Thumb Code     0  startup_stm32f10x_hd.o(.text)
    RCC_IRQHandler                           0x08000a2b   Thumb Code     0  startup_stm32f10x_hd.o(.text)
    RTCAlarm_IRQHandler                      0x08000a2b   Thumb Code     0  startup_stm32f10x_hd.o(.text)
    SDIO_IRQHandler                          0x08000a2b   Thumb Code     0  startup_stm32f10x_hd.o(.text)
    SPI1_IRQHandler                          0x08000a2b   Thumb Code     0  startup_stm32f10x_hd.o(.text)
    SPI2_IRQHandler                          0x08000a2b   Thumb Code     0  startup_stm32f10x_hd.o(.text)
    SPI3_IRQHandler                          0x08000a2b   Thumb Code     0  startup_stm32f10x_hd.o(.text)
    TAMPER_IRQHandler                        0x08000a2b   Thumb Code     0  startup_stm32f10x_hd.o(.text)
    TIM1_BRK_IRQHandler                      0x08000a2b   Thumb Code     0  startup_stm32f10x_hd.o(.text)
    TIM1_CC_IRQHandler                       0x08000a2b   Thumb Code     0  startup_stm32f10x_hd.o(.text)
    TIM1_TRG_COM_IRQHandler                  0x08000a2b   Thumb Code     0  startup_stm32f10x_hd.o(.text)
    TIM1_UP_IRQHandler                       0x08000a2b   Thumb Code     0  startup_stm32f10x_hd.o(.text)
    TIM2_IRQHandler                          0x08000a2b   Thumb Code     0  startup_stm32f10x_hd.o(.text)
    TIM3_IRQHandler                          0x08000a2b   Thumb Code     0  startup_stm32f10x_hd.o(.text)
    TIM4_IRQHandler                          0x08000a2b   Thumb Code     0  startup_stm32f10x_hd.o(.text)
    TIM5_IRQHandler                          0x08000a2b   Thumb Code     0  startup_stm32f10x_hd.o(.text)
    TIM6_IRQHandler                          0x08000a2b   Thumb Code     0  startup_stm32f10x_hd.o(.text)
    TIM7_IRQHandler                          0x08000a2b   Thumb Code     0  startup_stm32f10x_hd.o(.text)
    TIM8_BRK_IRQHandler                      0x08000a2b   Thumb Code     0  startup_stm32f10x_hd.o(.text)
    TIM8_CC_IRQHandler                       0x08000a2b   Thumb Code     0  startup_stm32f10x_hd.o(.text)
    TIM8_TRG_COM_IRQHandler                  0x08000a2b   Thumb Code     0  startup_stm32f10x_hd.o(.text)
    TIM8_UP_IRQHandler                       0x08000a2b   Thumb Code     0  startup_stm32f10x_hd.o(.text)
    UART4_IRQHandler                         0x08000a2b   Thumb Code     0  startup_stm32f10x_hd.o(.text)
    UART5_IRQHandler                         0x08000a2b   Thumb Code     0  startup_stm32f10x_hd.o(.text)
    USART3_IRQHandler                        0x08000a2b   Thumb Code     0  startup_stm32f10x_hd.o(.text)
    USBWakeUp_IRQHandler                     0x08000a2b   Thumb Code     0  startup_stm32f10x_hd.o(.text)
    USB_HP_CAN1_TX_IRQHandler                0x08000a2b   Thumb Code     0  startup_stm32f10x_hd.o(.text)
    WWDG_IRQHandler                          0x08000a2b   Thumb Code     0  startup_stm32f10x_hd.o(.text)
    __user_initial_stackheap                 0x08000a2d   Thumb Code     0  startup_stm32f10x_hd.o(.text)
    GPIO_DeInit                              0x08000a51   Thumb Code   172  stm32f10x_gpio.o(.text)
    GPIO_AFIODeInit                          0x08000afd   Thumb Code    20  stm32f10x_gpio.o(.text)
    GPIO_Init                                0x08000b11   Thumb Code   274  stm32f10x_gpio.o(.text)
    GPIO_StructInit                          0x08000c23   Thumb Code    16  stm32f10x_gpio.o(.text)
    GPIO_ReadInputDataBit                    0x08000c33   Thumb Code    18  stm32f10x_gpio.o(.text)
    GPIO_ReadInputData                       0x08000c45   Thumb Code     8  stm32f10x_gpio.o(.text)
    GPIO_ReadOutputDataBit                   0x08000c4d   Thumb Code    18  stm32f10x_gpio.o(.text)
    GPIO_ReadOutputData                      0x08000c5f   Thumb Code     8  stm32f10x_gpio.o(.text)
    GPIO_SetBits                             0x08000c67   Thumb Code     4  stm32f10x_gpio.o(.text)
    GPIO_ResetBits                           0x08000c6b   Thumb Code     4  stm32f10x_gpio.o(.text)
    GPIO_WriteBit                            0x08000c6f   Thumb Code    10  stm32f10x_gpio.o(.text)
    GPIO_Write                               0x08000c79   Thumb Code     4  stm32f10x_gpio.o(.text)
    GPIO_PinLockConfig                       0x08000c7d   Thumb Code    18  stm32f10x_gpio.o(.text)
    GPIO_EventOutputConfig                   0x08000c8f   Thumb Code    26  stm32f10x_gpio.o(.text)
    GPIO_EventOutputCmd                      0x08000ca9   Thumb Code     6  stm32f10x_gpio.o(.text)
    GPIO_PinRemapConfig                      0x08000caf   Thumb Code   138  stm32f10x_gpio.o(.text)
    GPIO_EXTILineConfig                      0x08000d39   Thumb Code    66  stm32f10x_gpio.o(.text)
    GPIO_ETH_MediaInterfaceConfig            0x08000d7b   Thumb Code     6  stm32f10x_gpio.o(.text)
    RCC_DeInit                               0x08000da9   Thumb Code    64  stm32f10x_rcc.o(.text)
    RCC_HSEConfig                            0x08000de9   Thumb Code    70  stm32f10x_rcc.o(.text)
    RCC_GetFlagStatus                        0x08000e2f   Thumb Code    56  stm32f10x_rcc.o(.text)
    RCC_WaitForHSEStartUp                    0x08000e67   Thumb Code    48  stm32f10x_rcc.o(.text)
    RCC_AdjustHSICalibrationValue            0x08000e97   Thumb Code    20  stm32f10x_rcc.o(.text)
    RCC_HSICmd                               0x08000eab   Thumb Code     6  stm32f10x_rcc.o(.text)
    RCC_PLLConfig                            0x08000eb1   Thumb Code    24  stm32f10x_rcc.o(.text)
    RCC_PLLCmd                               0x08000ec9   Thumb Code     6  stm32f10x_rcc.o(.text)
    RCC_SYSCLKConfig                         0x08000ecf   Thumb Code    18  stm32f10x_rcc.o(.text)
    RCC_GetSYSCLKSource                      0x08000ee1   Thumb Code    10  stm32f10x_rcc.o(.text)
    RCC_HCLKConfig                           0x08000eeb   Thumb Code    18  stm32f10x_rcc.o(.text)
    RCC_PCLK1Config                          0x08000efd   Thumb Code    18  stm32f10x_rcc.o(.text)
    RCC_PCLK2Config                          0x08000f0f   Thumb Code    20  stm32f10x_rcc.o(.text)
    RCC_ITConfig                             0x08000f23   Thumb Code    30  stm32f10x_rcc.o(.text)
    RCC_USBCLKConfig                         0x08000f41   Thumb Code     6  stm32f10x_rcc.o(.text)
    RCC_ADCCLKConfig                         0x08000f47   Thumb Code    18  stm32f10x_rcc.o(.text)
    RCC_LSEConfig                            0x08000f59   Thumb Code    44  stm32f10x_rcc.o(.text)
    RCC_LSICmd                               0x08000f85   Thumb Code     6  stm32f10x_rcc.o(.text)
    RCC_RTCCLKConfig                         0x08000f8b   Thumb Code    12  stm32f10x_rcc.o(.text)
    RCC_RTCCLKCmd                            0x08000f97   Thumb Code     6  stm32f10x_rcc.o(.text)
    RCC_GetClocksFreq                        0x08000f9d   Thumb Code   192  stm32f10x_rcc.o(.text)
    RCC_AHBPeriphClockCmd                    0x0800105d   Thumb Code    26  stm32f10x_rcc.o(.text)
    RCC_APB2PeriphClockCmd                   0x08001077   Thumb Code    26  stm32f10x_rcc.o(.text)
    RCC_APB1PeriphClockCmd                   0x08001091   Thumb Code    26  stm32f10x_rcc.o(.text)
    RCC_APB2PeriphResetCmd                   0x080010ab   Thumb Code    26  stm32f10x_rcc.o(.text)
    RCC_APB1PeriphResetCmd                   0x080010c5   Thumb Code    26  stm32f10x_rcc.o(.text)
    RCC_BackupResetCmd                       0x080010df   Thumb Code     6  stm32f10x_rcc.o(.text)
    RCC_ClockSecuritySystemCmd               0x080010e5   Thumb Code     6  stm32f10x_rcc.o(.text)
    RCC_MCOConfig                            0x080010eb   Thumb Code     6  stm32f10x_rcc.o(.text)
    RCC_ClearFlag                            0x080010f1   Thumb Code    14  stm32f10x_rcc.o(.text)
    RCC_GetITStatus                          0x080010ff   Thumb Code    20  stm32f10x_rcc.o(.text)
    RCC_ClearITPendingBit                    0x08001113   Thumb Code     6  stm32f10x_rcc.o(.text)
    NVIC_PriorityGroupConfig                 0x0800114d   Thumb Code    10  misc.o(.text)
    NVIC_Init                                0x08001157   Thumb Code   118  misc.o(.text)
    NVIC_SetVectorTable                      0x080011cd   Thumb Code    12  misc.o(.text)
    NVIC_SystemLPConfig                      0x080011d9   Thumb Code    38  misc.o(.text)
    SysTick_CLKSourceConfig                  0x080011ff   Thumb Code    40  misc.o(.text)
    FSMC_NORSRAMDeInit                       0x08001245   Thumb Code    56  stm32f10x_fsmc.o(.text)
    FSMC_NANDDeInit                          0x0800127d   Thumb Code    62  stm32f10x_fsmc.o(.text)
    FSMC_PCCARDDeInit                        0x080012bb   Thumb Code    40  stm32f10x_fsmc.o(.text)
    FSMC_NORSRAMInit                         0x080012e3   Thumb Code   224  stm32f10x_fsmc.o(.text)
    FSMC_NANDInit                            0x080013c3   Thumb Code   130  stm32f10x_fsmc.o(.text)
    FSMC_PCCARDInit                          0x08001445   Thumb Code   124  stm32f10x_fsmc.o(.text)
    FSMC_NORSRAMStructInit                   0x080014c1   Thumb Code   114  stm32f10x_fsmc.o(.text)
    FSMC_NANDStructInit                      0x08001533   Thumb Code    54  stm32f10x_fsmc.o(.text)
    FSMC_PCCARDStructInit                    0x08001569   Thumb Code    60  stm32f10x_fsmc.o(.text)
    FSMC_NORSRAMCmd                          0x080015a5   Thumb Code    46  stm32f10x_fsmc.o(.text)
    FSMC_NANDCmd                             0x080015d3   Thumb Code    86  stm32f10x_fsmc.o(.text)
    FSMC_PCCARDCmd                           0x08001629   Thumb Code    40  stm32f10x_fsmc.o(.text)
    FSMC_NANDECCCmd                          0x08001651   Thumb Code   118  stm32f10x_fsmc.o(.text)
    FSMC_GetECC                              0x080016c7   Thumb Code    22  stm32f10x_fsmc.o(.text)
    FSMC_ITConfig                            0x080016dd   Thumb Code   128  stm32f10x_fsmc.o(.text)
    FSMC_GetFlagStatus                       0x0800175d   Thumb Code    48  stm32f10x_fsmc.o(.text)
    FSMC_ClearFlag                           0x0800178d   Thumb Code    62  stm32f10x_fsmc.o(.text)
    FSMC_GetITStatus                         0x080017cb   Thumb Code    60  stm32f10x_fsmc.o(.text)
    FSMC_ClearITPendingBit                   0x08001807   Thumb Code    64  stm32f10x_fsmc.o(.text)
    SPI_I2S_DeInit                           0x0800185d   Thumb Code    76  stm32f10x_spi.o(.text)
    SPI_Init                                 0x080018a9   Thumb Code    60  stm32f10x_spi.o(.text)
    I2S_Init                                 0x080018e5   Thumb Code   222  stm32f10x_spi.o(.text)
    SPI_StructInit                           0x080019c3   Thumb Code    24  stm32f10x_spi.o(.text)
    I2S_StructInit                           0x080019db   Thumb Code    20  stm32f10x_spi.o(.text)
    SPI_Cmd                                  0x080019ef   Thumb Code    24  stm32f10x_spi.o(.text)
    I2S_Cmd                                  0x08001a07   Thumb Code    24  stm32f10x_spi.o(.text)
    SPI_I2S_ITConfig                         0x08001a1f   Thumb Code    36  stm32f10x_spi.o(.text)
    SPI_I2S_DMACmd                           0x08001a43   Thumb Code    24  stm32f10x_spi.o(.text)
    SPI_I2S_SendData                         0x08001a5b   Thumb Code     4  stm32f10x_spi.o(.text)
    SPI_I2S_ReceiveData                      0x08001a5f   Thumb Code     6  stm32f10x_spi.o(.text)
    SPI_NSSInternalSoftwareConfig            0x08001a65   Thumb Code    30  stm32f10x_spi.o(.text)
    SPI_SSOutputCmd                          0x08001a83   Thumb Code    24  stm32f10x_spi.o(.text)
    SPI_DataSizeConfig                       0x08001a9b   Thumb Code    18  stm32f10x_spi.o(.text)
    SPI_TransmitCRC                          0x08001aad   Thumb Code    10  stm32f10x_spi.o(.text)
    SPI_CalculateCRC                         0x08001ab7   Thumb Code    24  stm32f10x_spi.o(.text)
    SPI_GetCRC                               0x08001acf   Thumb Code    16  stm32f10x_spi.o(.text)
    SPI_GetCRCPolynomial                     0x08001adf   Thumb Code     6  stm32f10x_spi.o(.text)
    SPI_BiDirectionalLineConfig              0x08001ae5   Thumb Code    28  stm32f10x_spi.o(.text)
    SPI_I2S_GetFlagStatus                    0x08001b01   Thumb Code    18  stm32f10x_spi.o(.text)
    SPI_I2S_ClearFlag                        0x08001b13   Thumb Code     6  stm32f10x_spi.o(.text)
    SPI_I2S_GetITStatus                      0x08001b19   Thumb Code    52  stm32f10x_spi.o(.text)
    SPI_I2S_ClearITPendingBit                0x08001b4d   Thumb Code    20  stm32f10x_spi.o(.text)
    ADC_DeInit                               0x08001b6d   Thumb Code    78  stm32f10x_adc.o(.text)
    ADC_Init                                 0x08001bbb   Thumb Code    70  stm32f10x_adc.o(.text)
    ADC_StructInit                           0x08001c01   Thumb Code    18  stm32f10x_adc.o(.text)
    ADC_Cmd                                  0x08001c13   Thumb Code    22  stm32f10x_adc.o(.text)
    ADC_DMACmd                               0x08001c29   Thumb Code    22  stm32f10x_adc.o(.text)
    ADC_ITConfig                             0x08001c3f   Thumb Code    24  stm32f10x_adc.o(.text)
    ADC_ResetCalibration                     0x08001c57   Thumb Code    10  stm32f10x_adc.o(.text)
    ADC_GetResetCalibrationStatus            0x08001c61   Thumb Code    20  stm32f10x_adc.o(.text)
    ADC_StartCalibration                     0x08001c75   Thumb Code    10  stm32f10x_adc.o(.text)
    ADC_GetCalibrationStatus                 0x08001c7f   Thumb Code    20  stm32f10x_adc.o(.text)
    ADC_SoftwareStartConvCmd                 0x08001c93   Thumb Code    22  stm32f10x_adc.o(.text)
    ADC_GetSoftwareStartConvStatus           0x08001ca9   Thumb Code    20  stm32f10x_adc.o(.text)
    ADC_DiscModeChannelCountConfig           0x08001cbd   Thumb Code    24  stm32f10x_adc.o(.text)
    ADC_DiscModeCmd                          0x08001cd5   Thumb Code    22  stm32f10x_adc.o(.text)
    ADC_RegularChannelConfig                 0x08001ceb   Thumb Code   184  stm32f10x_adc.o(.text)
    ADC_ExternalTrigConvCmd                  0x08001da3   Thumb Code    22  stm32f10x_adc.o(.text)
    ADC_GetConversionValue                   0x08001db9   Thumb Code     8  stm32f10x_adc.o(.text)
    ADC_GetDualModeConversionValue           0x08001dc1   Thumb Code     6  stm32f10x_adc.o(.text)
    ADC_AutoInjectedConvCmd                  0x08001dc7   Thumb Code    22  stm32f10x_adc.o(.text)
    ADC_InjectedDiscModeCmd                  0x08001ddd   Thumb Code    22  stm32f10x_adc.o(.text)
    ADC_ExternalTrigInjectedConvConfig       0x08001df3   Thumb Code    16  stm32f10x_adc.o(.text)
    ADC_ExternalTrigInjectedConvCmd          0x08001e03   Thumb Code    22  stm32f10x_adc.o(.text)
    ADC_SoftwareStartInjectedConvCmd         0x08001e19   Thumb Code    22  stm32f10x_adc.o(.text)
    ADC_GetSoftwareStartInjectedConvCmdStatus 0x08001e2f   Thumb Code    20  stm32f10x_adc.o(.text)
    ADC_InjectedChannelConfig                0x08001e43   Thumb Code   130  stm32f10x_adc.o(.text)
    ADC_InjectedSequencerLengthConfig        0x08001ec5   Thumb Code    24  stm32f10x_adc.o(.text)
    ADC_SetInjectedOffset                    0x08001edd   Thumb Code    12  stm32f10x_adc.o(.text)
    ADC_GetInjectedConversionValue           0x08001ee9   Thumb Code    18  stm32f10x_adc.o(.text)
    ADC_AnalogWatchdogCmd                    0x08001efb   Thumb Code    16  stm32f10x_adc.o(.text)
    ADC_AnalogWatchdogThresholdsConfig       0x08001f0b   Thumb Code     6  stm32f10x_adc.o(.text)
    ADC_AnalogWatchdogSingleChannelConfig    0x08001f11   Thumb Code    16  stm32f10x_adc.o(.text)
    ADC_TempSensorVrefintCmd                 0x08001f21   Thumb Code    34  stm32f10x_adc.o(.text)
    ADC_GetFlagStatus                        0x08001f43   Thumb Code    54  stm32f10x_adc.o(.text)
    ADC_ClearFlag                            0x08001f79   Thumb Code     6  stm32f10x_adc.o(.text)
    ADC_GetITStatus                          0x08001f7f   Thumb Code    36  stm32f10x_adc.o(.text)
    ADC_ClearITPendingBit                    0x08001fa3   Thumb Code    10  stm32f10x_adc.o(.text)
    BKP_DeInit                               0x08001fad   Thumb Code    16  stm32f10x_bkp.o(.text)
    BKP_TamperPinLevelConfig                 0x08001fbd   Thumb Code     6  stm32f10x_bkp.o(.text)
    BKP_TamperPinCmd                         0x08001fc3   Thumb Code     6  stm32f10x_bkp.o(.text)
    BKP_ITConfig                             0x08001fc9   Thumb Code     6  stm32f10x_bkp.o(.text)
    BKP_RTCOutputConfig                      0x08001fcf   Thumb Code    28  stm32f10x_bkp.o(.text)
    BKP_SetRTCCalibrationValue               0x08001feb   Thumb Code    28  stm32f10x_bkp.o(.text)
    BKP_WriteBackupRegister                  0x08002007   Thumb Code    12  stm32f10x_bkp.o(.text)
    BKP_ReadBackupRegister                   0x08002013   Thumb Code    14  stm32f10x_bkp.o(.text)
    BKP_GetFlagStatus                        0x08002021   Thumb Code     8  stm32f10x_bkp.o(.text)
    BKP_ClearFlag                            0x08002029   Thumb Code    16  stm32f10x_bkp.o(.text)
    BKP_GetITStatus                          0x08002039   Thumb Code     8  stm32f10x_bkp.o(.text)
    BKP_ClearITPendingBit                    0x08002041   Thumb Code    16  stm32f10x_bkp.o(.text)
    RTC_ITConfig                             0x08002071   Thumb Code    40  stm32f10x_rtc.o(.text)
    RTC_EnterConfigMode                      0x08002099   Thumb Code    16  stm32f10x_rtc.o(.text)
    RTC_ExitConfigMode                       0x080020a9   Thumb Code    20  stm32f10x_rtc.o(.text)
    RTC_GetCounter                           0x080020bd   Thumb Code    18  stm32f10x_rtc.o(.text)
    RTC_SetCounter                           0x080020cf   Thumb Code    26  stm32f10x_rtc.o(.text)
    RTC_SetPrescaler                         0x080020e9   Thumb Code    28  stm32f10x_rtc.o(.text)
    RTC_SetAlarm                             0x08002105   Thumb Code    26  stm32f10x_rtc.o(.text)
    RTC_GetDivider                           0x0800211f   Thumb Code    26  stm32f10x_rtc.o(.text)
    RTC_WaitForLastTask                      0x08002139   Thumb Code    14  stm32f10x_rtc.o(.text)
    RTC_WaitForSynchro                       0x08002147   Thumb Code    32  stm32f10x_rtc.o(.text)
    RTC_GetFlagStatus                        0x08002167   Thumb Code    20  stm32f10x_rtc.o(.text)
    RTC_ClearFlag                            0x0800217b   Thumb Code    22  stm32f10x_rtc.o(.text)
    RTC_GetITStatus                          0x08002191   Thumb Code    34  stm32f10x_rtc.o(.text)
    RTC_ClearITPendingBit                    0x080021b3   Thumb Code    22  stm32f10x_rtc.o(.text)
    PWR_DeInit                               0x080021e9   Thumb Code    22  stm32f10x_pwr.o(.text)
    PWR_BackupAccessCmd                      0x080021ff   Thumb Code     6  stm32f10x_pwr.o(.text)
    PWR_PVDCmd                               0x08002205   Thumb Code     6  stm32f10x_pwr.o(.text)
    PWR_PVDLevelConfig                       0x0800220b   Thumb Code    18  stm32f10x_pwr.o(.text)
    PWR_WakeUpPinCmd                         0x0800221d   Thumb Code     6  stm32f10x_pwr.o(.text)
    PWR_EnterSTOPMode                        0x08002223   Thumb Code    62  stm32f10x_pwr.o(.text)
    PWR_EnterSTANDBYMode                     0x08002261   Thumb Code    46  stm32f10x_pwr.o(.text)
    PWR_GetFlagStatus                        0x0800228f   Thumb Code    20  stm32f10x_pwr.o(.text)
    PWR_ClearFlag                            0x080022a3   Thumb Code    14  stm32f10x_pwr.o(.text)
    EXTI_DeInit                              0x080022c1   Thumb Code    30  stm32f10x_exti.o(.text)
    EXTI_Init                                0x080022df   Thumb Code   160  stm32f10x_exti.o(.text)
    EXTI_StructInit                          0x0800237f   Thumb Code    16  stm32f10x_exti.o(.text)
    EXTI_GenerateSWInterrupt                 0x0800238f   Thumb Code    16  stm32f10x_exti.o(.text)
    EXTI_GetFlagStatus                       0x0800239f   Thumb Code    20  stm32f10x_exti.o(.text)
    EXTI_ClearFlag                           0x080023b3   Thumb Code     6  stm32f10x_exti.o(.text)
    EXTI_GetITStatus                         0x080023b9   Thumb Code    34  stm32f10x_exti.o(.text)
    EXTI_ClearITPendingBit                   0x080023db   Thumb Code     6  stm32f10x_exti.o(.text)
    IWDG_WriteAccessCmd                      0x080023fd   Thumb Code     6  stm32f10x_iwdg.o(.text)
    IWDG_SetPrescaler                        0x08002403   Thumb Code     6  stm32f10x_iwdg.o(.text)
    IWDG_SetReload                           0x08002409   Thumb Code     6  stm32f10x_iwdg.o(.text)
    IWDG_ReloadCounter                       0x0800240f   Thumb Code    10  stm32f10x_iwdg.o(.text)
    IWDG_Enable                              0x08002419   Thumb Code    10  stm32f10x_iwdg.o(.text)
    IWDG_GetFlagStatus                       0x08002423   Thumb Code    20  stm32f10x_iwdg.o(.text)
    DAC_DeInit                               0x0800243d   Thumb Code    22  stm32f10x_dac.o(.text)
    DAC_Init                                 0x08002453   Thumb Code    58  stm32f10x_dac.o(.text)
    DAC_StructInit                           0x0800248d   Thumb Code    12  stm32f10x_dac.o(.text)
    DAC_Cmd                                  0x08002499   Thumb Code    50  stm32f10x_dac.o(.text)
    DAC_DMACmd                               0x080024cb   Thumb Code    50  stm32f10x_dac.o(.text)
    DAC_SoftwareTriggerCmd                   0x080024fd   Thumb Code    60  stm32f10x_dac.o(.text)
    DAC_DualSoftwareTriggerCmd               0x08002539   Thumb Code    34  stm32f10x_dac.o(.text)
    DAC_WaveGenerationCmd                    0x0800255b   Thumb Code    44  stm32f10x_dac.o(.text)
    DAC_SetChannel1Data                      0x08002587   Thumb Code    14  stm32f10x_dac.o(.text)
    DAC_SetChannel2Data                      0x08002595   Thumb Code    14  stm32f10x_dac.o(.text)
    DAC_SetDualChannelData                   0x080025a3   Thumb Code    32  stm32f10x_dac.o(.text)
    DAC_GetDataOutputValue                   0x080025c3   Thumb Code    20  stm32f10x_dac.o(.text)
    USART_DeInit                             0x080025e5   Thumb Code   134  stm32f10x_usart.o(.text)
    USART_Init                               0x0800266b   Thumb Code   210  stm32f10x_usart.o(.text)
    USART_StructInit                         0x0800273d   Thumb Code    24  stm32f10x_usart.o(.text)
    USART_ClockInit                          0x08002755   Thumb Code    34  stm32f10x_usart.o(.text)
    USART_ClockStructInit                    0x08002777   Thumb Code    12  stm32f10x_usart.o(.text)
    USART_Cmd                                0x08002783   Thumb Code    24  stm32f10x_usart.o(.text)
    USART_ITConfig                           0x0800279b   Thumb Code    74  stm32f10x_usart.o(.text)
    USART_DMACmd                             0x080027e5   Thumb Code    24  stm32f10x_usart.o(.text)
    USART_SetAddress                         0x080027fd   Thumb Code    18  stm32f10x_usart.o(.text)
    USART_WakeUpConfig                       0x0800280f   Thumb Code    18  stm32f10x_usart.o(.text)
    USART_ReceiverWakeUpCmd                  0x08002821   Thumb Code    24  stm32f10x_usart.o(.text)
    USART_LINBreakDetectLengthConfig         0x08002839   Thumb Code    18  stm32f10x_usart.o(.text)
    USART_LINCmd                             0x0800284b   Thumb Code    24  stm32f10x_usart.o(.text)
    USART_SendData                           0x08002863   Thumb Code     8  stm32f10x_usart.o(.text)
    USART_ReceiveData                        0x0800286b   Thumb Code    10  stm32f10x_usart.o(.text)
    USART_SendBreak                          0x08002875   Thumb Code    10  stm32f10x_usart.o(.text)
    USART_SetGuardTime                       0x0800287f   Thumb Code    16  stm32f10x_usart.o(.text)
    USART_SetPrescaler                       0x0800288f   Thumb Code    16  stm32f10x_usart.o(.text)
    USART_SmartCardCmd                       0x0800289f   Thumb Code    24  stm32f10x_usart.o(.text)
    USART_SmartCardNACKCmd                   0x080028b7   Thumb Code    24  stm32f10x_usart.o(.text)
    USART_HalfDuplexCmd                      0x080028cf   Thumb Code    24  stm32f10x_usart.o(.text)
    USART_OverSampling8Cmd                   0x080028e7   Thumb Code    22  stm32f10x_usart.o(.text)
    USART_OneBitMethodCmd                    0x080028fd   Thumb Code    24  stm32f10x_usart.o(.text)
    USART_IrDAConfig                         0x08002915   Thumb Code    18  stm32f10x_usart.o(.text)
    USART_IrDACmd                            0x08002927   Thumb Code    24  stm32f10x_usart.o(.text)
    USART_GetFlagStatus                      0x0800293f   Thumb Code    26  stm32f10x_usart.o(.text)
    USART_ClearFlag                          0x08002959   Thumb Code    18  stm32f10x_usart.o(.text)
    USART_GetITStatus                        0x0800296b   Thumb Code    84  stm32f10x_usart.o(.text)
    USART_ClearITPendingBit                  0x080029bf   Thumb Code    50  stm32f10x_usart.o(.text)
    CAN_DeInit                               0x080029f1   Thumb Code    50  stm32f10x_can.o(.text)
    CAN_Init                                 0x08002a23   Thumb Code   284  stm32f10x_can.o(.text)
    CAN_FilterInit                           0x08002b3f   Thumb Code   250  stm32f10x_can.o(.text)
    CAN_StructInit                           0x08002c39   Thumb Code    32  stm32f10x_can.o(.text)
    CAN_SlaveStartBank                       0x08002c59   Thumb Code    62  stm32f10x_can.o(.text)
    CAN_DBGFreeze                            0x08002c97   Thumb Code    22  stm32f10x_can.o(.text)
    CAN_TTComModeCmd                         0x08002cad   Thumb Code   118  stm32f10x_can.o(.text)
    CAN_Transmit                             0x08002d23   Thumb Code   332  stm32f10x_can.o(.text)
    CAN_TransmitStatus                       0x08002e6f   Thumb Code   138  stm32f10x_can.o(.text)
    CAN_CancelTransmit                       0x08002ef9   Thumb Code    48  stm32f10x_can.o(.text)
    CAN_Receive                              0x08002f29   Thumb Code   240  stm32f10x_can.o(.text)
    CAN_FIFORelease                          0x08003019   Thumb Code    22  stm32f10x_can.o(.text)
    CAN_MessagePending                       0x0800302f   Thumb Code    30  stm32f10x_can.o(.text)
    CAN_OperatingModeRequest                 0x0800304d   Thumb Code   162  stm32f10x_can.o(.text)
    CAN_Sleep                                0x080030ef   Thumb Code    30  stm32f10x_can.o(.text)
    CAN_WakeUp                               0x0800310d   Thumb Code    48  stm32f10x_can.o(.text)
    CAN_GetLastErrorCode                     0x0800313d   Thumb Code    12  stm32f10x_can.o(.text)
    CAN_GetReceiveErrorCounter               0x08003149   Thumb Code    10  stm32f10x_can.o(.text)
    CAN_GetLSBTransmitErrorCounter           0x08003153   Thumb Code    12  stm32f10x_can.o(.text)
    CAN_ITConfig                             0x0800315f   Thumb Code    18  stm32f10x_can.o(.text)
    CAN_GetFlagStatus                        0x08003171   Thumb Code   120  stm32f10x_can.o(.text)
    CAN_ClearFlag                            0x080031e9   Thumb Code    52  stm32f10x_can.o(.text)
    CAN_GetITStatus                          0x0800322d   Thumb Code   306  stm32f10x_can.o(.text)
    CAN_ClearITPendingBit                    0x0800335f   Thumb Code   162  stm32f10x_can.o(.text)
    FLASH_ReadID                             0x08003405   Thumb Code    90  flash.o(.text)
    FLASH_Init                               0x0800345f   Thumb Code    92  flash.o(.text)
    FLASH_ReadData                           0x0800350f   Thumb Code   110  flash.o(.text)
    FLASH_ChipErase                          0x08003601   Thumb Code    58  flash.o(.text)
    FLASH_WriteData                          0x080036d9   Thumb Code   204  flash.o(.text)
    flash_pros                               0x080037a5   Thumb Code   436  flash.o(.text)
    GUI_Dot                                  0x08003989   Thumb Code    28  gui.o(.text)
    GUI_Line                                 0x080039a5   Thumb Code   172  gui.o(.text)
    GUI_Box                                  0x08003a51   Thumb Code    92  gui.o(.text)
    GUI_DrowSign                             0x08003aad   Thumb Code   120  gui.o(.text)
    GUI_Show12Char                           0x08003b25   Thumb Code   350  gui.o(.text)
    GUI_Show16Chinese                        0x08003c83   Thumb Code   198  gui.o(.text)
    TFT_GPIO_Config                          0x08003d55   Thumb Code    74  lcd_driver.o(.text)
    TFT_FSMC_Config                          0x08003d9f   Thumb Code    86  lcd_driver.o(.text)
    TFT_WriteCmd                             0x08003df5   Thumb Code    18  lcd_driver.o(.text)
    TFT_WriteData                            0x08003e07   Thumb Code    18  lcd_driver.o(.text)
    TFT_Init                                 0x08003e19   Thumb Code   462  lcd_driver.o(.text)
    TFT_SetWindow                            0x08003fe7   Thumb Code   102  lcd_driver.o(.text)
    TFT_ClearScreen                          0x0800404d   Thumb Code    52  lcd_driver.o(.text)
    SPI1_Config                              0x08004095   Thumb Code   128  spi.o(.text)
    SPI2_Config                              0x08004115   Thumb Code   126  spi.o(.text)
    SPI1_SetSpeed                            0x08004193   Thumb Code    36  spi.o(.text)
    SPI2_SetSpeed                            0x080041b7   Thumb Code    48  spi.o(.text)
    SPI1_WriteReadData                       0x080041e7   Thumb Code    68  spi.o(.text)
    SPI2_WriteReadData                       0x0800422b   Thumb Code    68  spi.o(.text)
    MEMORY_Init                              0x08004297   Thumb Code    22  malloc.o(.text)
    malloc                                   0x08004377   Thumb Code    26  malloc.o(.text)
    free                                     0x08004391   Thumb Code    26  malloc.o(.text)
    TOUCH_Init                               0x080046c7   Thumb Code    84  touch.o(.text)
    TOUCH_Scan                               0x0800471b   Thumb Code   218  touch.o(.text)
    delay_us                                 0x080047f9   Thumb Code    52  systick.o(.text)
    delay_ms                                 0x0800482d   Thumb Code    54  systick.o(.text)
    RCC_HSE_Configuration                    0x08004863   Thumb Code    90  systick.o(.text)
    LED_Init                                 0x080048bd   Thumb Code    48  led.o(.text)
    BEEP_Init                                0x080048f1   Thumb Code    38  beep.o(.text)
    smg_init                                 0x0800491d   Thumb Code    38  smg.o(.text)
    adc_init                                 0x08004949   Thumb Code   158  adc.o(.text)
    key_init                                 0x080049f1   Thumb Code    72  key.o(.text)
    key_pros                                 0x08004a39   Thumb Code   414  key.o(.text)
    ds18b20_init                             0x08004bf9   Thumb Code    40  ds18b20.o(.text)
    DQININT                                  0x08004c21   Thumb Code    32  ds18b20.o(.text)
    DQOUTINT                                 0x08004c41   Thumb Code    32  ds18b20.o(.text)
    ds18b20init                              0x08004c61   Thumb Code    44  ds18b20.o(.text)
    ds18b20wr                                0x08004c8d   Thumb Code    86  ds18b20.o(.text)
    DS18b20rd                                0x08004ce3   Thumb Code    88  ds18b20.o(.text)
    readtemp                                 0x08004d3b   Thumb Code   134  ds18b20.o(.text)
    DS18B20_pros                             0x08004dc1   Thumb Code   292  ds18b20.o(.text)
    AT24Cxx_ReadOneByte                      0x08004f15   Thumb Code    92  at24cxx.o(.text)
    AT24Cxx_ReadTwoByte                      0x08004f71   Thumb Code    98  at24cxx.o(.text)
    AT24Cxx_WriteOneByte                     0x08004fd3   Thumb Code    80  at24cxx.o(.text)
    AT24Cxx_WriteTwoByte                     0x08005023   Thumb Code    90  at24cxx.o(.text)
    IIC_pros                                 0x0800507d   Thumb Code   514  at24cxx.o(.text)
    I2C_INIT                                 0x08005335   Thumb Code    60  iic.o(.text)
    I2C_SDA_OUT                              0x08005371   Thumb Code    32  iic.o(.text)
    I2C_SDA_IN                               0x08005391   Thumb Code    26  iic.o(.text)
    I2C_Start                                0x080053ab   Thumb Code    60  iic.o(.text)
    I2C_Stop                                 0x080053e7   Thumb Code    60  iic.o(.text)
    I2C_Ack                                  0x08005423   Thumb Code    60  iic.o(.text)
    I2C_NAck                                 0x0800545f   Thumb Code    60  iic.o(.text)
    I2C_Wait_Ack                             0x0800549b   Thumb Code    86  iic.o(.text)
    I2C_Send_Byte                            0x080054f1   Thumb Code   100  iic.o(.text)
    I2C_Read_Byte                            0x08005555   Thumb Code    92  iic.o(.text)
    rtc_init                                 0x080055b5   Thumb Code   132  rtc.o(.text)
    clockinit_RTC                            0x08005639   Thumb Code    74  rtc.o(.text)
    RTC_pros                                 0x08005683   Thumb Code   312  rtc.o(.text)
    hwjs_init                                0x080057d9   Thumb Code   118  hwjs.o(.text)
    HW_jssj                                  0x0800584f   Thumb Code    42  hwjs.o(.text)
    HW_pros                                  0x08005879   Thumb Code   386  hwjs.o(.text)
    iwdg_init                                0x08005a45   Thumb Code    34  iwdg.o(.text)
    iwdg_pros                                0x08005a67   Thumb Code   138  iwdg.o(.text)
    standmodeinit                            0x08005b19   Thumb Code    30  lowpower.o(.text)
    low_pros                                 0x08005b37   Thumb Code   226  lowpower.o(.text)
    SD_Init                                  0x08005dd5   Thumb Code   400  sd.o(.text)
    SD_ReadCapacity                          0x08005f65   Thumb Code   228  sd.o(.text)
    SD_ReadDisk                              0x08006093   Thumb Code   176  sd.o(.text)
    SD_WriteDisk                             0x080061b5   Thumb Code   220  sd.o(.text)
    SD_pros                                  0x08006291   Thumb Code   460  sd.o(.text)
    ADX345_Init                              0x0800664f   Thumb Code    80  adx345.o(.text)
    ADX345_Adjust                            0x0800669f   Thumb Code   180  adx345.o(.text)
    ADX_GetXYZData                           0x08006753   Thumb Code   110  adx345.o(.text)
    ADX_GetAngle                             0x080067c1   Thumb Code   380  adx345.o(.text)
    ADX345_pros                              0x0800693d   Thumb Code   630  adx345.o(.text)
    SRAM_Config                              0x08006c25   Thumb Code   184  sram.o(.text)
    SRAM_WriteBuffer                         0x08006cdd   Thumb Code    26  sram.o(.text)
    SRAM_ReadBuffer                          0x08006cf7   Thumb Code    26  sram.o(.text)
    SRAM_Test                                0x08006d11   Thumb Code    78  sram.o(.text)
    SRAM_pros                                0x08006d5f   Thumb Code   454  sram.o(.text)
    dac_init                                 0x08006fb9   Thumb Code    94  dac.o(.text)
    DAC_pros                                 0x08007017   Thumb Code   384  dac.o(.text)
    usart_init                               0x080071f1   Thumb Code   184  usart.o(.text)
    COM_pros                                 0x080072a9   Thumb Code   146  usart.o(.text)
    rs485_init                               0x080073bd   Thumb Code   206  rs485.o(.text)
    RS485_pros                               0x0800748b   Thumb Code   172  rs485.o(.text)
    CAN1_Config                              0x08007621   Thumb Code   148  can.o(.text)
    CAN1_SendMesg                            0x080076b5   Thumb Code   100  can.o(.text)
    CAN1_Config16BitFilter                   0x08007719   Thumb Code    78  can.o(.text)
    CAN1_Config32BitFilter                   0x08007767   Thumb Code    86  can.o(.text)
    CAN1_ReceiveMesg                         0x080077bd   Thumb Code    58  can.o(.text)
    USB_LP_CAN1_RX0_IRQHandler               0x080077f7   Thumb Code    10  can.o(.text)
    GUI_DisplayData                          0x08007801   Thumb Code   414  can.o(.text)
    CAN_pros                                 0x0800799f   Thumb Code  1038  can.o(.text)
    OS_TaskStatStkChk                        0x08007f2d   Thumb Code    54  os_core.o(.text)
    OS_TaskStat                              0x08007f63   Thumb Code   116  os_core.o(.text)
    OS_TaskIdle                              0x0800800f   Thumb Code    34  os_core.o(.text)
    OS_MemClr                                0x08008069   Thumb Code    18  os_core.o(.text)
    OSInit                                   0x08008187   Thumb Code    44  os_core.o(.text)
    OSIntEnter                               0x080081b3   Thumb Code    28  os_core.o(.text)
    OSIntExit                                0x080081e9   Thumb Code   112  os_core.o(.text)
    OSSchedLock                              0x08008259   Thumb Code    50  os_core.o(.text)
    OS_Sched                                 0x0800828b   Thumb Code    88  os_core.o(.text)
    OSSchedUnlock                            0x080082e3   Thumb Code   230  os_core.o(.text)
    OSStart                                  0x080083c9   Thumb Code    48  os_core.o(.text)
    OSStatInit                               0x080083f9   Thumb Code    62  os_core.o(.text)
    OSTimeTick                               0x08008437   Thumb Code   218  os_core.o(.text)
    OSVersion                                0x08008511   Thumb Code     6  os_core.o(.text)
    OS_Dummy                                 0x08008517   Thumb Code     2  os_core.o(.text)
    OS_EventTaskRemove                       0x08008519   Thumb Code    50  os_core.o(.text)
    OS_EventTaskRdy                          0x0800854b   Thumb Code   124  os_core.o(.text)
    OS_EventTaskWait                         0x080085c7   Thumb Code   120  os_core.o(.text)
    OS_EventWaitListInit                     0x0800863f   Thumb Code    28  os_core.o(.text)
    OS_MemCopy                               0x0800865b   Thumb Code    20  os_core.o(.text)
    OS_StrLen                                0x0800866f   Thumb Code    20  os_core.o(.text)
    OS_TCBInit                               0x08008683   Thumb Code   366  os_core.o(.text)
    OSFlagAccept                             0x080087f1   Thumb Code   268  os_flag.o(.text)
    OSFlagCreate                             0x080088fd   Thumb Code    86  os_flag.o(.text)
    OS_FlagUnlink                            0x08008953   Thumb Code    36  os_flag.o(.text)
    OSFlagDel                                0x080089d7   Thumb Code   214  os_flag.o(.text)
    OSFlagNameGet                            0x08008aad   Thumb Code    80  os_flag.o(.text)
    OSFlagNameSet                            0x08008afd   Thumb Code    66  os_flag.o(.text)
    OSFlagPend                               0x08008be7   Thumb Code   632  os_flag.o(.text)
    OSFlagPendGetFlagsRdy                    0x08008e5f   Thumb Code    26  os_flag.o(.text)
    OSFlagPost                               0x08008e79   Thumb Code   324  os_flag.o(.text)
    OSFlagQuery                              0x08008fbd   Thumb Code    48  os_flag.o(.text)
    OS_FlagInit                              0x08008fed   Thumb Code    78  os_flag.o(.text)
    OSQAccept                                0x08009049   Thumb Code    88  os_q.o(.text)
    OSQCreate                                0x080090a1   Thumb Code   140  os_q.o(.text)
    OSQDel                                   0x0800912d   Thumb Code   236  os_q.o(.text)
    OSQFlush                                 0x08009219   Thumb Code    36  os_q.o(.text)
    OSQPend                                  0x0800923d   Thumb Code   272  os_q.o(.text)
    OSQPendAbort                             0x0800934d   Thumb Code   128  os_q.o(.text)
    OSQPost                                  0x080093cd   Thumb Code   114  os_q.o(.text)
    OSQPostFront                             0x0800943f   Thumb Code   138  os_q.o(.text)
    OSQPostOpt                               0x080094c9   Thumb Code   182  os_q.o(.text)
    OSQQuery                                 0x0800957f   Thumb Code    98  os_q.o(.text)
    OS_QInit                                 0x080095e1   Thumb Code    72  os_q.o(.text)
    OSTaskChangePrio                         0x08009631   Thumb Code   324  os_task.o(.text)
    OSTaskCreate                             0x08009775   Thumb Code   146  os_task.o(.text)
    OS_TaskStkClr                            0x08009807   Thumb Code    26  os_task.o(.text)
    OSTaskCreateExt                          0x08009821   Thumb Code   170  os_task.o(.text)
    OSTaskDel                                0x080098cb   Thumb Code   302  os_task.o(.text)
    OSTaskDelReq                             0x080099f9   Thumb Code   146  os_task.o(.text)
    OSTaskNameGet                            0x08009a8b   Thumb Code   114  os_task.o(.text)
    OSTaskNameSet                            0x08009afd   Thumb Code    98  os_task.o(.text)
    OSTaskResume                             0x08009b5f   Thumb Code   160  os_task.o(.text)
    OSTaskStkChk                             0x08009bff   Thumb Code   132  os_task.o(.text)
    OSTaskSuspend                            0x08009c83   Thumb Code   160  os_task.o(.text)
    OSTaskQuery                              0x08009d23   Thumb Code    82  os_task.o(.text)
    OSTaskRegGet                             0x08009d75   Thumb Code    60  os_task.o(.text)
    OSTaskRegSet                             0x08009db1   Thumb Code    62  os_task.o(.text)
    OS_TaskReturn                            0x08009def   Thumb Code    18  os_task.o(.text)
    OSTimeDly                                0x08009e19   Thumb Code   108  os_time.o(.text)
    OSTimeDlyHMSM                            0x08009e85   Thumb Code    86  os_time.o(.text)
    OSTimeDlyResume                          0x08009edb   Thumb Code   176  os_time.o(.text)
    OSTimeGet                                0x08009f8b   Thumb Code    24  os_time.o(.text)
    OSTimeSet                                0x08009fa3   Thumb Code    24  os_time.o(.text)
    OSInitHookBegin                          0x08009fd9   Thumb Code     2  os_cpu_c.o(.text)
    OSInitHookEnd                            0x08009fdb   Thumb Code     2  os_cpu_c.o(.text)
    OSTaskCreateHook                         0x08009fdd   Thumb Code     2  os_cpu_c.o(.text)
    OSTaskDelHook                            0x08009fdf   Thumb Code     2  os_cpu_c.o(.text)
    OSTaskIdleHook                           0x08009fe1   Thumb Code     2  os_cpu_c.o(.text)
    OSTaskStatHook                           0x08009fe3   Thumb Code     2  os_cpu_c.o(.text)
    OSTaskStkInit                            0x08009fe5   Thumb Code   154  os_cpu_c.o(.text)
    OSTaskSwHook                             0x0800a07f   Thumb Code     2  os_cpu_c.o(.text)
    OSTCBInitHook                            0x0800a081   Thumb Code     2  os_cpu_c.o(.text)
    OSTimeTickHook                           0x0800a083   Thumb Code     2  os_cpu_c.o(.text)
    OSTaskReturnHook                         0x0800a085   Thumb Code     2  os_cpu_c.o(.text)
    OS_CPU_SR_Save                           0x0800a089   Thumb Code     0  os_cpu_a.o(.text)
    OS_CPU_SR_Restore                        0x0800a091   Thumb Code     0  os_cpu_a.o(.text)
    OSStartHighRdy                           0x0800a097   Thumb Code     0  os_cpu_a.o(.text)
    OSCtxSw                                  0x0800a0b9   Thumb Code     0  os_cpu_a.o(.text)
    OSIntCtxSw                               0x0800a0c7   Thumb Code     0  os_cpu_a.o(.text)
    PendSV_Handler                           0x0800a0d7   Thumb Code     0  os_cpu_a.o(.text)
    start_task                               0x0800a13d   Thumb Code    44  start_task.o(.text)
    touch_task                               0x0800a171   Thumb Code   916  touch_task.o(.text)
    led1_task                                0x0800a5a5   Thumb Code   148  led_task.o(.text)
    beep_task                                0x0800a655   Thumb Code   152  beep_task.o(.text)
    smg_task                                 0x0800a709   Thumb Code   186  smg_task.o(.text)
    adc_task                                 0x0800a7fd   Thumb Code   378  adc_task.o(.text)
    button_task                              0x0800a9dd   Thumb Code   448  key_task.o(.text)
    ds18b20_task                             0x0800abf1   Thumb Code   318  ds18b20_task.o(.text)
    eeprom_task                              0x0800ad59   Thumb Code   522  eeprom_task.o(.text)
    rtc_time_task                            0x0800b015   Thumb Code   320  rtc_task.o(.text)
    hwjs_task                                0x0800b171   Thumb Code   394  hwjs_task.o(.text)
    iwdg_task                                0x0800b341   Thumb Code   162  iwdg_task.o(.text)
    low_task                                 0x0800b449   Thumb Code   238  lowpower_task.o(.text)
    flash_task                               0x0800b5e5   Thumb Code   272  flash_task.o(.text)
    sd_task                                  0x0800b769   Thumb Code   472  sd_task.o(.text)
    adx345_task                              0x0800b9f1   Thumb Code   628  adx345_task.o(.text)
    sram_task                                0x0800bcc9   Thumb Code   466  sram_task.o(.text)
    da_task                                  0x0800bf21   Thumb Code   392  dac_task.o(.text)
    com_task                                 0x0800c0e5   Thumb Code   152  usart_task.o(.text)
    rs485_task                               0x0800c1f5   Thumb Code   178  rs485_task.o(.text)
    GUI_DisplayData1                         0x0800c35d   Thumb Code   414  can_task.o(.text)
    can_task                                 0x0800c4fb   Thumb Code  1394  can_task.o(.text)
    __use_two_region_memory                  0x0800ca95   Thumb Code     2  heapauxi.o(.text)
    __rt_heap_escrow$2region                 0x0800ca97   Thumb Code     2  heapauxi.o(.text)
    __rt_heap_expand$2region                 0x0800ca99   Thumb Code     2  heapauxi.o(.text)
    __read_errno                             0x0800ca9b   Thumb Code    10  _rserrno.o(.text)
    __set_errno                              0x0800caa5   Thumb Code    12  _rserrno.o(.text)
    __aeabi_errno_addr                       0x0800cab1   Thumb Code    12  rt_errno_addr_intlibspace.o(.text)
    __errno$intlibspace                      0x0800cab1   Thumb Code     0  rt_errno_addr_intlibspace.o(.text)
    __rt_errno_addr$intlibspace              0x0800cab1   Thumb Code     0  rt_errno_addr_intlibspace.o(.text)
    __user_libspace                          0x0800cabd   Thumb Code     8  libspace.o(.text)
    __user_perproc_libspace                  0x0800cabd   Thumb Code     0  libspace.o(.text)
    __user_perthread_libspace                0x0800cabd   Thumb Code     0  libspace.o(.text)
    __user_setup_stackheap                   0x0800cac5   Thumb Code    74  sys_stackheap_outer.o(.text)
    exit                                     0x0800cb0f   Thumb Code    12  exit.o(.text)
    __rt_fp_status_addr                      0x0800cb1d   Thumb Code    12  rt_fp_status_addr_intlibspace.o(.text)
    _sys_exit                                0x0800cb29   Thumb Code     8  sys_exit.o(.text)
    __I$use$semihosting                      0x0800cb35   Thumb Code     0  use_no_semi.o(.text)
    __use_no_semihosting_swi                 0x0800cb35   Thumb Code     2  use_no_semi.o(.text)
    __ARM_fpclassify                         0x0800cb37   Thumb Code    40  fpclassify.o(i.__ARM_fpclassify)
    __kernel_poly                            0x0800cb5f   Thumb Code   170  poly.o(i.__kernel_poly)
    __mathlib_dbl_underflow                  0x0800cc09   Thumb Code    10  dunder.o(i.__mathlib_dbl_underflow)
    atan                                     0x0800cc19   Thumb Code   480  atan.o(i.atan)
    sqrt                                     0x0800ce3d   Thumb Code    74  sqrt.o(i.sqrt)
    __aeabi_d2f                              0x0800ce89   Thumb Code     0  d2f.o(x$fpl$d2f)
    _d2f                                     0x0800ce89   Thumb Code    98  d2f.o(x$fpl$d2f)
    __aeabi_dadd                             0x0800ceed   Thumb Code     0  daddsub_clz.o(x$fpl$dadd)
    _dadd                                    0x0800ceed   Thumb Code   328  daddsub_clz.o(x$fpl$dadd)
    __fpl_dcheck_NaN1                        0x0800d039   Thumb Code    10  dcheck1.o(x$fpl$dcheck1)
    __aeabi_ddiv                             0x0800d049   Thumb Code     0  ddiv.o(x$fpl$ddiv)
    _ddiv                                    0x0800d049   Thumb Code   552  ddiv.o(x$fpl$ddiv)
    __aeabi_d2uiz                            0x0800d2f9   Thumb Code     0  dfixu.o(x$fpl$dfixu)
    _dfixu                                   0x0800d2f9   Thumb Code    90  dfixu.o(x$fpl$dfixu)
    __aeabi_ui2d                             0x0800d353   Thumb Code     0  dflt_clz.o(x$fpl$dfltu)
    _dfltu                                   0x0800d353   Thumb Code    38  dflt_clz.o(x$fpl$dfltu)
    __aeabi_dmul                             0x0800d379   Thumb Code     0  dmul.o(x$fpl$dmul)
    _dmul                                    0x0800d379   Thumb Code   332  dmul.o(x$fpl$dmul)
    __fpl_dnaninf                            0x0800d4cd   Thumb Code   156  dnaninf.o(x$fpl$dnaninf)
    __fpl_dretinf                            0x0800d569   Thumb Code    12  dretinf.o(x$fpl$dretinf)
    __aeabi_drsub                            0x0800d575   Thumb Code     0  daddsub_clz.o(x$fpl$drsb)
    _drsb                                    0x0800d575   Thumb Code    22  daddsub_clz.o(x$fpl$drsb)
    _dsqrt                                   0x0800d58d   Thumb Code   456  dsqrt_noumaal.o(x$fpl$dsqrt)
    __aeabi_dsub                             0x0800d759   Thumb Code     0  daddsub_clz.o(x$fpl$dsub)
    _dsub                                    0x0800d759   Thumb Code   464  daddsub_clz.o(x$fpl$dsub)
    __aeabi_f2d                              0x0800d92d   Thumb Code     0  f2d.o(x$fpl$f2d)
    _f2d                                     0x0800d92d   Thumb Code    86  f2d.o(x$fpl$f2d)
    __aeabi_fadd                             0x0800d985   Thumb Code     0  faddsub_clz.o(x$fpl$fadd)
    _fadd                                    0x0800d985   Thumb Code   196  faddsub_clz.o(x$fpl$fadd)
    __aeabi_fdiv                             0x0800da49   Thumb Code     0  fdiv.o(x$fpl$fdiv)
    _fdiv                                    0x0800da49   Thumb Code   384  fdiv.o(x$fpl$fdiv)
    __aeabi_f2iz                             0x0800dbcd   Thumb Code     0  ffix.o(x$fpl$ffix)
    _ffix                                    0x0800dbcd   Thumb Code    54  ffix.o(x$fpl$ffix)
    __aeabi_f2uiz                            0x0800dc05   Thumb Code     0  ffixu.o(x$fpl$ffixu)
    _ffixu                                   0x0800dc05   Thumb Code    62  ffixu.o(x$fpl$ffixu)
    __aeabi_i2f                              0x0800dc45   Thumb Code     0  fflt_clz.o(x$fpl$fflt)
    _fflt                                    0x0800dc45   Thumb Code    48  fflt_clz.o(x$fpl$fflt)
    __aeabi_ui2f                             0x0800dc75   Thumb Code     0  fflt_clz.o(x$fpl$ffltu)
    _ffltu                                   0x0800dc75   Thumb Code    38  fflt_clz.o(x$fpl$ffltu)
    __aeabi_fmul                             0x0800dc9d   Thumb Code     0  fmul.o(x$fpl$fmul)
    _fmul                                    0x0800dc9d   Thumb Code   258  fmul.o(x$fpl$fmul)
    __fpl_fnaninf                            0x0800dd9f   Thumb Code   140  fnaninf.o(x$fpl$fnaninf)
    _fp_init                                 0x0800de2b   Thumb Code    14  fpinit.o(x$fpl$fpinit)
    __fplib_config_pureend_doubles           0x0800de37   Thumb Code     0  fpinit.o(x$fpl$fpinit)
    __fpl_fretinf                            0x0800de39   Thumb Code    10  fretinf.o(x$fpl$fretinf)
    __aeabi_frsub                            0x0800de43   Thumb Code     0  faddsub_clz.o(x$fpl$frsb)
    _frsb                                    0x0800de43   Thumb Code    20  faddsub_clz.o(x$fpl$frsb)
    __aeabi_fsub                             0x0800de59   Thumb Code     0  faddsub_clz.o(x$fpl$fsub)
    _fsub                                    0x0800de59   Thumb Code   234  faddsub_clz.o(x$fpl$fsub)
    __fpl_return_NaN                         0x0800df43   Thumb Code   100  retnan.o(x$fpl$retnan)
    __ARM_scalbn                             0x0800dfa7   Thumb Code     0  scalbn.o(x$fpl$scalbn)
    scalbn                                   0x0800dfa7   Thumb Code    96  scalbn.o(x$fpl$scalbn)
    __fpl_inf_scalbn                         0x0800e005   Thumb Code     0  scalbn.o(x$fpl$scalbn)
    __fpl_cmpreturn                          0x0800e007   Thumb Code    48  trapv.o(x$fpl$trapveneer)
    __I$use$fp                               0x0800e037   Thumb Code     0  usenofp.o(x$fpl$usenofp)
    CAN_ModeNormal                           0x0800e11a   Data           9  can.o(.constdata)
    CAN_ModeLoopBack                         0x0800e123   Data           9  can.o(.constdata)
    OSUnMapTbl                               0x0800e12c   Data         256  os_core.o(.constdata)
    CAN_ModeNormal1                          0x0800e35a   Data           9  can_task.o(.constdata)
    CAN_ModeLoopBack1                        0x0800e363   Data           9  can_task.o(.constdata)
    Region$$Table$$Base                      0x0800e408   Number         0  anon$$obj.o(Region$$Table)
    Region$$Table$$Limit                     0x0800e428   Number         0  anon$$obj.o(Region$$Table)
    dt                                       0x20000002   Data           1  public.o(.data)
    SystemCoreClock                          0x20000008   Data           4  system_stm32f10x.o(.data)
    AHBPrescTable                            0x2000000c   Data          16  system_stm32f10x.o(.data)
    Memory                                   0x20000030   Data          16  malloc.o(.data)
    TouchData                                0x20000040   Data           8  touch.o(.data)
    smgduan                                  0x20000048   Data          16  smg.o(.data)
    timebz                                   0x20000058   Data           1  rtc.o(.data)
    hw_jsm                                   0x2000005c   Data           4  hwjs.o(.data)
    hw_jsbz                                  0x20000060   Data           1  hwjs.o(.data)
    SD_TYPE                                  0x20000061   Data           1  sd.o(.data)
    ShowData                                 0x20000064   Data           5  can.o(.data)
    CAN_SendData                             0x20000069   Data          11  can.o(.data)
    CAN_RX_BUFF                              0x20000074   Data           8  can.o(.data)
    Mode                                     0x2000007c   Data           4  can.o(.data)
    OSCtxSwCtr                               0x20000080   Data           4  os_core.o(.data)
    OSEventFreeList                          0x20000084   Data           4  os_core.o(.data)
    OSFlagFreeList                           0x20000088   Data           4  os_core.o(.data)
    OSCPUUsage                               0x2000008c   Data           1  os_core.o(.data)
    OSIdleCtrMax                             0x20000090   Data           4  os_core.o(.data)
    OSIdleCtrRun                             0x20000094   Data           4  os_core.o(.data)
    OSStatRdy                                0x20000098   Data           1  os_core.o(.data)
    OSIntNesting                             0x20000099   Data           1  os_core.o(.data)
    OSLockNesting                            0x2000009a   Data           1  os_core.o(.data)
    OSPrioCur                                0x2000009b   Data           1  os_core.o(.data)
    OSPrioHighRdy                            0x2000009c   Data           1  os_core.o(.data)
    OSRdyGrp                                 0x2000009d   Data           1  os_core.o(.data)
    OSRdyTbl                                 0x2000009e   Data           8  os_core.o(.data)
    OSRunning                                0x200000a6   Data           1  os_core.o(.data)
    OSTaskCtr                                0x200000a7   Data           1  os_core.o(.data)
    OSIdleCtr                                0x200000a8   Data           4  os_core.o(.data)
    OSTCBCur                                 0x200000ac   Data           4  os_core.o(.data)
    OSTCBFreeList                            0x200000b0   Data           4  os_core.o(.data)
    OSTCBHighRdy                             0x200000b4   Data           4  os_core.o(.data)
    OSTCBList                                0x200000b8   Data           4  os_core.o(.data)
    OSTickStepState                          0x200000bc   Data           1  os_core.o(.data)
    OSQFreeList                              0x200000c0   Data           4  os_core.o(.data)
    OSTime                                   0x200000c4   Data           4  os_core.o(.data)
    ShowData1                                0x200000cc   Data           5  can_task.o(.data)
    CAN_SendData1                            0x200000d1   Data          11  can_task.o(.data)
    Mode1                                    0x200000dc   Data           4  can_task.o(.data)
    OSEventTbl                               0x20002aec   Data         200  os_core.o(.bss)
    OSFlagTbl                                0x20002bb4   Data          80  os_core.o(.bss)
    OSTaskStatStk                            0x20002c04   Data         512  os_core.o(.bss)
    OSTaskIdleStk                            0x20002e04   Data         512  os_core.o(.bss)
    OSTCBPrioTbl                             0x20003004   Data         256  os_core.o(.bss)
    OSTCBTbl                                 0x20003104   Data        1008  os_core.o(.bss)
    OSQTbl                                   0x200034f4   Data         120  os_core.o(.bss)
    __libspace_start                         0x20005f6c   Data          96  libspace.o(.bss)
    __temporary_stack_top$libspace           0x20005fcc   Data           0  libspace.o(.bss)
    MemoryBase                               0x68000000   Data       204800  malloc.o(.ARM.__AT_0x68000000)
    MemoryManagementMap                      0x68032000   Data       12800  malloc.o(.ARM.__AT_0x68032000)



==============================================================================

Memory Map of the image

  Image Entry point : 0x08000a11

  Load Region LR_1 (Base: 0x08000000, Size: 0x0000e508, Max: 0xffffffff, ABSOLUTE)

    Execution Region ER_RO (Base: 0x08000000, Size: 0x0000e428, Max: 0xffffffff, ABSOLUTE)

    Base Addr    Size         Type   Attr      Idx    E Section Name        Object

    0x08000000   0x00000130   Data   RO          373    RESET               startup_stm32f10x_hd.o
    0x08000130   0x00000008   Code   RO         1430  * !!!main             c_w.l(__main.o)(c_w.l)
    0x08000138   0x00000034   Code   RO         1704    !!!scatter          c_w.l(__scatter.o)(c_w.l)
    0x0800016c   0x0000001a   Code   RO         1706    !!handler_copy      c_w.l(__scatter_copy.o)(c_w.l)
    0x08000186   0x00000002   PAD
    0x08000188   0x0000001c   Code   RO         1708    !!handler_zi        c_w.l(__scatter_zi.o)(c_w.l)
    0x080001a4   0x00000006   Code   RO         1573    .ARM.Collect$$libinit$$00000000  c_w.l(libinit.o)(c_w.l)
    0x080001aa   0x00000000   Code   RO         1580    .ARM.Collect$$libinit$$00000006  c_w.l(libinit2.o)(c_w.l)
    0x080001aa   0x00000000   Code   RO         1582    .ARM.Collect$$libinit$$00000008  c_w.l(libinit2.o)(c_w.l)
    0x080001aa   0x00000000   Code   RO         1584    .ARM.Collect$$libinit$$0000000A  c_w.l(libinit2.o)(c_w.l)
    0x080001aa   0x00000000   Code   RO         1587    .ARM.Collect$$libinit$$0000000D  c_w.l(libinit2.o)(c_w.l)
    0x080001aa   0x00000000   Code   RO         1589    .ARM.Collect$$libinit$$0000000F  c_w.l(libinit2.o)(c_w.l)
    0x080001aa   0x00000000   Code   RO         1591    .ARM.Collect$$libinit$$00000011  c_w.l(libinit2.o)(c_w.l)
    0x080001aa   0x00000000   Code   RO         1593    .ARM.Collect$$libinit$$00000013  c_w.l(libinit2.o)(c_w.l)
    0x080001aa   0x00000000   Code   RO         1595    .ARM.Collect$$libinit$$00000015  c_w.l(libinit2.o)(c_w.l)
    0x080001aa   0x00000000   Code   RO         1597    .ARM.Collect$$libinit$$00000017  c_w.l(libinit2.o)(c_w.l)
    0x080001aa   0x00000000   Code   RO         1599    .ARM.Collect$$libinit$$00000019  c_w.l(libinit2.o)(c_w.l)
    0x080001aa   0x00000000   Code   RO         1601    .ARM.Collect$$libinit$$0000001B  c_w.l(libinit2.o)(c_w.l)
    0x080001aa   0x00000000   Code   RO         1603    .ARM.Collect$$libinit$$0000001D  c_w.l(libinit2.o)(c_w.l)
    0x080001aa   0x00000000   Code   RO         1605    .ARM.Collect$$libinit$$0000001F  c_w.l(libinit2.o)(c_w.l)
    0x080001aa   0x00000000   Code   RO         1607    .ARM.Collect$$libinit$$00000021  c_w.l(libinit2.o)(c_w.l)
    0x080001aa   0x00000000   Code   RO         1611    .ARM.Collect$$libinit$$00000028  c_w.l(libinit2.o)(c_w.l)
    0x080001aa   0x00000000   Code   RO         1613    .ARM.Collect$$libinit$$0000002A  c_w.l(libinit2.o)(c_w.l)
    0x080001aa   0x00000000   Code   RO         1615    .ARM.Collect$$libinit$$0000002C  c_w.l(libinit2.o)(c_w.l)
    0x080001aa   0x00000000   Code   RO         1617    .ARM.Collect$$libinit$$0000002E  c_w.l(libinit2.o)(c_w.l)
    0x080001aa   0x00000002   Code   RO         1618    .ARM.Collect$$libinit$$0000002F  c_w.l(libinit2.o)(c_w.l)
    0x080001ac   0x00000002   Code   RO         1646    .ARM.Collect$$libshutdown$$00000000  c_w.l(libshutdown.o)(c_w.l)
    0x080001ae   0x00000000   Code   RO         1659    .ARM.Collect$$libshutdown$$00000003  c_w.l(libshutdown2.o)(c_w.l)
    0x080001ae   0x00000000   Code   RO         1662    .ARM.Collect$$libshutdown$$00000006  c_w.l(libshutdown2.o)(c_w.l)
    0x080001ae   0x00000000   Code   RO         1665    .ARM.Collect$$libshutdown$$00000009  c_w.l(libshutdown2.o)(c_w.l)
    0x080001ae   0x00000000   Code   RO         1667    .ARM.Collect$$libshutdown$$0000000B  c_w.l(libshutdown2.o)(c_w.l)
    0x080001ae   0x00000000   Code   RO         1670    .ARM.Collect$$libshutdown$$0000000E  c_w.l(libshutdown2.o)(c_w.l)
    0x080001ae   0x00000002   Code   RO         1671    .ARM.Collect$$libshutdown$$0000000F  c_w.l(libshutdown2.o)(c_w.l)
    0x080001b0   0x00000000   Code   RO         1496    .ARM.Collect$$rtentry$$00000000  c_w.l(rtentry.o)(c_w.l)
    0x080001b0   0x00000000   Code   RO         1534    .ARM.Collect$$rtentry$$00000002  c_w.l(rtentry2.o)(c_w.l)
    0x080001b0   0x00000006   Code   RO         1549    .ARM.Collect$$rtentry$$00000004  c_w.l(rtentry4.o)(c_w.l)
    0x080001b6   0x00000000   Code   RO         1536    .ARM.Collect$$rtentry$$00000009  c_w.l(rtentry2.o)(c_w.l)
    0x080001b6   0x00000004   Code   RO         1537    .ARM.Collect$$rtentry$$0000000A  c_w.l(rtentry2.o)(c_w.l)
    0x080001ba   0x00000000   Code   RO         1539    .ARM.Collect$$rtentry$$0000000C  c_w.l(rtentry2.o)(c_w.l)
    0x080001ba   0x00000008   Code   RO         1540    .ARM.Collect$$rtentry$$0000000D  c_w.l(rtentry2.o)(c_w.l)
    0x080001c2   0x00000002   Code   RO         1576    .ARM.Collect$$rtexit$$00000000  c_w.l(rtexit.o)(c_w.l)
    0x080001c4   0x00000000   Code   RO         1624    .ARM.Collect$$rtexit$$00000002  c_w.l(rtexit2.o)(c_w.l)
    0x080001c4   0x00000004   Code   RO         1625    .ARM.Collect$$rtexit$$00000003  c_w.l(rtexit2.o)(c_w.l)
    0x080001c8   0x00000006   Code   RO         1626    .ARM.Collect$$rtexit$$00000004  c_w.l(rtexit2.o)(c_w.l)
    0x080001ce   0x00000002   PAD
    0x080001d0   0x00000414   Code   RO            1    .text               main.o
    0x080005e4   0x00000174   Code   RO          289    .text               stm32f10x_it.o
    0x08000758   0x000000f0   Code   RO          307    .text               public.o
    0x08000848   0x000001c8   Code   RO          334    .text               system_stm32f10x.o
    0x08000a10   0x00000040   Code   RO          374  * .text               startup_stm32f10x_hd.o
    0x08000a50   0x00000358   Code   RO          378    .text               stm32f10x_gpio.o
    0x08000da8   0x000003a4   Code   RO          390    .text               stm32f10x_rcc.o
    0x0800114c   0x000000f8   Code   RO          404    .text               misc.o
    0x08001244   0x00000618   Code   RO          428    .text               stm32f10x_fsmc.o
    0x0800185c   0x00000310   Code   RO          440    .text               stm32f10x_spi.o
    0x08001b6c   0x00000440   Code   RO          452    .text               stm32f10x_adc.o
    0x08001fac   0x000000c4   Code   RO          464    .text               stm32f10x_bkp.o
    0x08002070   0x00000178   Code   RO          476    .text               stm32f10x_rtc.o
    0x080021e8   0x000000d8   Code   RO          488    .text               stm32f10x_pwr.o
    0x080022c0   0x0000013c   Code   RO          500    .text               stm32f10x_exti.o
    0x080023fc   0x00000040   Code   RO          512    .text               stm32f10x_iwdg.o
    0x0800243c   0x000001a8   Code   RO          524    .text               stm32f10x_dac.o
    0x080025e4   0x0000040c   Code   RO          536    .text               stm32f10x_usart.o
    0x080029f0   0x00000a14   Code   RO          548    .text               stm32f10x_can.o
    0x08003404   0x00000584   Code   RO          560    .text               flash.o
    0x08003988   0x000003cc   Code   RO          577    .text               gui.o
    0x08003d54   0x00000340   Code   RO          591    .text               lcd_driver.o
    0x08004094   0x000001f0   Code   RO          605    .text               spi.o
    0x08004284   0x00000130   Code   RO          619    .text               malloc.o
    0x080043b4   0x00000444   Code   RO          640    .text               touch.o
    0x080047f8   0x000000c4   Code   RO          659    .text               systick.o
    0x080048bc   0x00000034   Code   RO          673    .text               led.o
    0x080048f0   0x0000002c   Code   RO          687    .text               beep.o
    0x0800491c   0x0000002c   Code   RO          701    .text               smg.o
    0x08004948   0x000000a8   Code   RO          720    .text               adc.o
    0x080049f0   0x00000208   Code   RO          734    .text               key.o
    0x08004bf8   0x0000031c   Code   RO          748    .text               ds18b20.o
    0x08004f14   0x00000420   Code   RO          762    .text               at24cxx.o
    0x08005334   0x00000280   Code   RO          776    .text               iic.o
    0x080055b4   0x00000224   Code   RO          793    .text               rtc.o
    0x080057d8   0x0000026c   Code   RO          812    .text               hwjs.o
    0x08005a44   0x000000d4   Code   RO          831    .text               iwdg.o
    0x08005b18   0x000001ac   Code   RO          845    .text               lowpower.o
    0x08005cc4   0x0000084c   Code   RO          859    .text               sd.o
    0x08006510   0x00000714   Code   RO          878    .text               adx345.o
    0x08006c24   0x00000394   Code   RO          892    .text               sram.o
    0x08006fb8   0x00000238   Code   RO          906    .text               dac.o
    0x080071f0   0x000001cc   Code   RO          920    .text               usart.o
    0x080073bc   0x00000238   Code   RO          935    .text               rs485.o
    0x080075f4   0x00000938   Code   RO          950    .text               can.o
    0x08007f2c   0x000008c4   Code   RO          970    .text               os_core.o
    0x080087f0   0x00000858   Code   RO          990    .text               os_flag.o
    0x08009048   0x000005e8   Code   RO         1036    .text               os_q.o
    0x08009630   0x000007e8   Code   RO         1060    .text               os_task.o
    0x08009e18   0x000001c0   Code   RO         1072    .text               os_time.o
    0x08009fd8   0x000000ae   Code   RO         1090    .text               os_cpu_c.o
    0x0800a086   0x00000002   PAD
    0x0800a088   0x000000b4   Code   RO         1121    .text               os_cpu_a.o
    0x0800a13c   0x00000034   Code   RO         1124    .text               start_task.o
    0x0800a170   0x00000434   Code   RO         1138    .text               touch_task.o
    0x0800a5a4   0x000000b0   Code   RO         1153    .text               led_task.o
    0x0800a654   0x000000b4   Code   RO         1167    .text               beep_task.o
    0x0800a708   0x000000f4   Code   RO         1181    .text               smg_task.o
    0x0800a7fc   0x000001e0   Code   RO         1196    .text               adc_task.o
    0x0800a9dc   0x00000214   Code   RO         1210    .text               key_task.o
    0x0800abf0   0x00000168   Code   RO         1224    .text               ds18b20_task.o
    0x0800ad58   0x000002bc   Code   RO         1239    .text               eeprom_task.o
    0x0800b014   0x0000015c   Code   RO         1253    .text               rtc_task.o
    0x0800b170   0x000001d0   Code   RO         1267    .text               hwjs_task.o
    0x0800b340   0x00000108   Code   RO         1281    .text               iwdg_task.o
    0x0800b448   0x0000019c   Code   RO         1295    .text               lowpower_task.o
    0x0800b5e4   0x00000184   Code   RO         1309    .text               flash_task.o
    0x0800b768   0x00000288   Code   RO         1323    .text               sd_task.o
    0x0800b9f0   0x000002d8   Code   RO         1337    .text               adx345_task.o
    0x0800bcc8   0x00000258   Code   RO         1351    .text               sram_task.o
    0x0800bf20   0x000001c4   Code   RO         1365    .text               dac_task.o
    0x0800c0e4   0x00000110   Code   RO         1379    .text               usart_task.o
    0x0800c1f4   0x00000168   Code   RO         1394    .text               rs485_task.o
    0x0800c35c   0x00000738   Code   RO         1409    .text               can_task.o
    0x0800ca94   0x00000006   Code   RO         1428    .text               c_w.l(heapauxi.o)(c_w.l)
    0x0800ca9a   0x00000016   Code   RO         1498    .text               c_w.l(_rserrno.o)(c_w.l)
    0x0800cab0   0x0000000c   Code   RO         1554    .text               c_w.l(rt_errno_addr_intlibspace.o)(c_w.l)
    0x0800cabc   0x00000008   Code   RO         1560    .text               c_w.l(libspace.o)(c_w.l)
    0x0800cac4   0x0000004a   Code   RO         1563    .text               c_w.l(sys_stackheap_outer.o)(c_w.l)
    0x0800cb0e   0x0000000c   Code   RO         1565    .text               c_w.l(exit.o)(c_w.l)
    0x0800cb1a   0x00000002   PAD
    0x0800cb1c   0x0000000c   Code   RO         1634    .text               c_w.l(rt_fp_status_addr_intlibspace.o)(c_w.l)
    0x0800cb28   0x0000000c   Code   RO         1638    .text               c_w.l(sys_exit.o)(c_w.l)
    0x0800cb34   0x00000002   Code   RO         1649    .text               c_w.l(use_no_semi.o)(c_w.l)
    0x0800cb36   0x00000028   Code   RO         1529    i.__ARM_fpclassify  m_ws.l(fpclassify.o)(m_ws.l)
    0x0800cb5e   0x000000aa   Code   RO         1531    i.__kernel_poly     m_ws.l(poly.o)(m_ws.l)
    0x0800cc08   0x00000010   Code   RO         1527    i.__mathlib_dbl_underflow  m_ws.l(dunder.o)(m_ws.l)
    0x0800cc18   0x00000224   Code   RO         1479    i.atan              m_ws.l(atan.o)(m_ws.l)
    0x0800ce3c   0x0000004a   Code   RO         1489    i.sqrt              m_ws.l(sqrt.o)(m_ws.l)
    0x0800ce86   0x00000002   PAD
    0x0800ce88   0x00000062   Code   RO         1432    x$fpl$d2f           fz_ws.l(d2f.o)(fz_ws.l)
    0x0800ceea   0x00000002   PAD
    0x0800ceec   0x0000014c   Code   RO         1500    x$fpl$dadd          fz_ws.l(daddsub_clz.o)(fz_ws.l)
    0x0800d038   0x00000010   Code   RO         1556    x$fpl$dcheck1       fz_ws.l(dcheck1.o)(fz_ws.l)
    0x0800d048   0x000002b0   Code   RO         1435    x$fpl$ddiv          fz_ws.l(ddiv.o)(fz_ws.l)
    0x0800d2f8   0x0000005a   Code   RO         1438    x$fpl$dfixu         fz_ws.l(dfixu.o)(fz_ws.l)
    0x0800d352   0x00000026   Code   RO         1442    x$fpl$dfltu         fz_ws.l(dflt_clz.o)(fz_ws.l)
    0x0800d378   0x00000154   Code   RO         1448    x$fpl$dmul          fz_ws.l(dmul.o)(fz_ws.l)
    0x0800d4cc   0x0000009c   Code   RO         1508    x$fpl$dnaninf       fz_ws.l(dnaninf.o)(fz_ws.l)
    0x0800d568   0x0000000c   Code   RO         1510    x$fpl$dretinf       fz_ws.l(dretinf.o)(fz_ws.l)
    0x0800d574   0x00000016   Code   RO         1501    x$fpl$drsb          fz_ws.l(daddsub_clz.o)(fz_ws.l)
    0x0800d58a   0x00000002   PAD
    0x0800d58c   0x000001cc   Code   RO         1512    x$fpl$dsqrt         fz_ws.l(dsqrt_noumaal.o)(fz_ws.l)
    0x0800d758   0x000001d4   Code   RO         1502    x$fpl$dsub          fz_ws.l(daddsub_clz.o)(fz_ws.l)
    0x0800d92c   0x00000056   Code   RO         1450    x$fpl$f2d           fz_ws.l(f2d.o)(fz_ws.l)
    0x0800d982   0x00000002   PAD
    0x0800d984   0x000000c4   Code   RO         1452    x$fpl$fadd          fz_ws.l(faddsub_clz.o)(fz_ws.l)
    0x0800da48   0x00000184   Code   RO         1459    x$fpl$fdiv          fz_ws.l(fdiv.o)(fz_ws.l)
    0x0800dbcc   0x00000036   Code   RO         1462    x$fpl$ffix          fz_ws.l(ffix.o)(fz_ws.l)
    0x0800dc02   0x00000002   PAD
    0x0800dc04   0x0000003e   Code   RO         1466    x$fpl$ffixu         fz_ws.l(ffixu.o)(fz_ws.l)
    0x0800dc42   0x00000002   PAD
    0x0800dc44   0x00000030   Code   RO         1471    x$fpl$fflt          fz_ws.l(fflt_clz.o)(fz_ws.l)
    0x0800dc74   0x00000026   Code   RO         1470    x$fpl$ffltu         fz_ws.l(fflt_clz.o)(fz_ws.l)
    0x0800dc9a   0x00000002   PAD
    0x0800dc9c   0x00000102   Code   RO         1476    x$fpl$fmul          fz_ws.l(fmul.o)(fz_ws.l)
    0x0800dd9e   0x0000008c   Code   RO         1514    x$fpl$fnaninf       fz_ws.l(fnaninf.o)(fz_ws.l)
    0x0800de2a   0x0000000e   Code   RO         1619    x$fpl$fpinit        fz_ws.l(fpinit.o)(fz_ws.l)
    0x0800de38   0x0000000a   Code   RO         1516    x$fpl$fretinf       fz_ws.l(fretinf.o)(fz_ws.l)
    0x0800de42   0x00000014   Code   RO         1453    x$fpl$frsb          fz_ws.l(faddsub_clz.o)(fz_ws.l)
    0x0800de56   0x00000002   PAD
    0x0800de58   0x000000ea   Code   RO         1454    x$fpl$fsub          fz_ws.l(faddsub_clz.o)(fz_ws.l)
    0x0800df42   0x00000064   Code   RO         1574    x$fpl$retnan        fz_ws.l(retnan.o)(fz_ws.l)
    0x0800dfa6   0x00000060   Code   RO         1521    x$fpl$scalbn        fz_ws.l(scalbn.o)(fz_ws.l)
    0x0800e006   0x00000030   Code   RO         1621    x$fpl$trapveneer    fz_ws.l(trapv.o)(fz_ws.l)
    0x0800e036   0x00000000   Code   RO         1526    x$fpl$usenofp       fz_ws.l(usenofp.o)(fz_ws.l)
    0x0800e036   0x00000002   PAD
    0x0800e038   0x00000071   Data   RO          922    .constdata          usart.o
    0x0800e0a9   0x00000003   PAD
    0x0800e0ac   0x0000006e   Data   RO          937    .constdata          rs485.o
    0x0800e11a   0x00000012   Data   RO          952    .constdata          can.o
    0x0800e12c   0x00000100   Data   RO          972    .constdata          os_core.o
    0x0800e22c   0x00000049   Data   RO         1226    .constdata          ds18b20_task.o
    0x0800e275   0x00000003   PAD
    0x0800e278   0x00000071   Data   RO         1381    .constdata          usart_task.o
    0x0800e2e9   0x00000003   PAD
    0x0800e2ec   0x0000006e   Data   RO         1396    .constdata          rs485_task.o
    0x0800e35a   0x00000012   Data   RO         1411    .constdata          can_task.o
    0x0800e36c   0x00000004   PAD
    0x0800e370   0x00000098   Data   RO         1480    .constdata          m_ws.l(atan.o)(m_ws.l)
    0x0800e408   0x00000020   Data   RO         1702    Region$$Table       anon$$obj.o


    Execution Region ER_RW (Base: 0x20000000, Size: 0x000000e0, Max: 0xffffffff, ABSOLUTE)

    Base Addr    Size         Type   Attr      Idx    E Section Name        Object

    0x20000000   0x00000002   Data   RW          291    .data               stm32f10x_it.o
    0x20000002   0x00000004   Data   RW          309    .data               public.o
    0x20000006   0x00000002   PAD
    0x20000008   0x00000014   Data   RW          335    .data               system_stm32f10x.o
    0x2000001c   0x00000014   Data   RW          391    .data               stm32f10x_rcc.o
    0x20000030   0x00000010   Data   RW          623    .data               malloc.o
    0x20000040   0x00000008   Data   RW          642    .data               touch.o
    0x20000048   0x00000010   Data   RW          703    .data               smg.o
    0x20000058   0x00000001   Data   RW          795    .data               rtc.o
    0x20000059   0x00000003   PAD
    0x2000005c   0x00000005   Data   RW          814    .data               hwjs.o
    0x20000061   0x00000001   Data   RW          861    .data               sd.o
    0x20000062   0x00000002   PAD
    0x20000064   0x0000001c   Data   RW          953    .data               can.o
    0x20000080   0x00000048   Data   RW          973    .data               os_core.o
    0x200000c8   0x00000001   Data   RW         1140    .data               touch_task.o
    0x200000c9   0x00000001   Data   RW         1183    .data               smg_task.o
    0x200000ca   0x00000002   PAD
    0x200000cc   0x00000014   Data   RW         1412    .data               can_task.o


    Execution Region ER_ZI (Base: 0x200000e0, Size: 0x000064f0, Max: 0xffffffff, ABSOLUTE)

    Base Addr    Size         Type   Attr      Idx    E Section Name        Object

    0x200000e0   0x00001500   Zero   RW            2    .bss                main.o
    0x200015e0   0x0000150c   Zero   RW          641    .bss                touch.o
    0x20002aec   0x00000a80   Zero   RW          971    .bss                os_core.o
    0x2000356c   0x00001500   Zero   RW         1125    .bss                start_task.o
    0x20004a6c   0x00001500   Zero   RW         1139    .bss                touch_task.o
    0x20005f6c   0x00000060   Zero   RW         1561    .bss                c_w.l(libspace.o)(c_w.l)
    0x20005fcc   0x00000004   PAD
    0x20005fd0   0x00000200   Zero   RW          372    HEAP                startup_stm32f10x_hd.o
    0x200061d0   0x00000400   Zero   RW          371    STACK               startup_stm32f10x_hd.o



  Load Region LR$$.ARM.__AT_0x68000000 (Base: 0x68000000, Size: 0x00000000, Max: 0x00032000, ABSOLUTE)

    Execution Region ER$$.ARM.__AT_0x68000000 (Base: 0x68000000, Size: 0x00032000, Max: 0x00032000, ABSOLUTE, UNINIT)

    Base Addr    Size         Type   Attr      Idx    E Section Name        Object

    0x68000000   0x00032000   Zero   RW          620    .ARM.__AT_0x68000000  malloc.o



  Load Region LR$$.ARM.__AT_0x68032000 (Base: 0x68032000, Size: 0x00000000, Max: 0x00003200, ABSOLUTE)

    Execution Region ER$$.ARM.__AT_0x68032000 (Base: 0x68032000, Size: 0x00003200, Max: 0x00003200, ABSOLUTE, UNINIT)

    Base Addr    Size         Type   Attr      Idx    E Section Name        Object

    0x68032000   0x00003200   Zero   RW          621    .ARM.__AT_0x68032000  malloc.o


==============================================================================

Image component sizes


      Code (inc. data)   RO Data    RW Data    ZI Data      Debug   Object Name

       168         10          0          0          0          0   adc.o
       480        102          0          0          0          0   adc_task.o
      1812        122          0          0          0          0   adx345.o
       728        108          0          0          0          0   adx345_task.o
      1056        182          0          0          0          0   at24cxx.o
        44          6          0          0          0          0   beep.o
       180         28          0          0          0          0   beep_task.o
      2360        500         18         28          0          0   can.o
      1848        492         18         20          0          0   can_task.o
         0          0          0          0          0          0   core_cm3.o
       568         90          0          0          0          0   dac.o
       452         60          0          0          0          0   dac_task.o
       796         48          0          0          0          0   ds18b20.o
       360         42         73          0          0          0   ds18b20_task.o
       700        178          0          0          0          0   eeprom_task.o
      1412        144          0          0          0          0   flash.o
       388        116          0          0          0          0   flash_task.o
       972         12          0          0          0          0   gui.o
       620         74          0          5          0          0   hwjs.o
       464         70          0          0          0          0   hwjs_task.o
       640          4          0          0          0          0   iic.o
       212         40          0          0          0          0   iwdg.o
       264        102          0          0          0          0   iwdg_task.o
       520         34          0          0          0          0   key.o
       532         84          0          0          0          0   key_task.o
       832         20          0          0          0          0   lcd_driver.o
        52          4          0          0          0          0   led.o
       176         28          0          0          0          0   led_task.o
       428        172          0          0          0          0   lowpower.o
       412        174          0          0          0          0   lowpower_task.o
      1044        178          0          0       5376          0   main.o
       304         10          0         16     217600          0   malloc.o
       248         30          0          0          0          0   misc.o
      2244        212        256         72       2688          0   os_core.o
       180         36          0          0          0          0   os_cpu_a.o
       174          0          0          0          0          0   os_cpu_c.o
      2136         42          0          0          0          0   os_flag.o
      1512         28          0          0          0          0   os_q.o
      2024         70          0          0          0          0   os_task.o
       448         30          0          0          0          0   os_time.o
       240         20          0          4          0          0   public.o
       568        190        110          0          0          0   rs485.o
       360        182        110          0          0          0   rs485_task.o
       548         30          0          1          0          0   rtc.o
       348         28          0          0          0          0   rtc_task.o
      2124        192          0          1          0          0   sd.o
       648        176          0          0          0          0   sd_task.o
        44          6          0         16          0          0   smg.o
       244         58          0          1          0          0   smg_task.o
       496         22          0          0          0          0   spi.o
       916        148          0          0          0          0   sram.o
       600        134          0          0          0          0   sram_task.o
        52          8          0          0       5376          0   start_task.o
        64         26        304          0       1536          0   startup_stm32f10x_hd.o
      1088         36          0          0          0          0   stm32f10x_adc.o
       196         32          0          0          0          0   stm32f10x_bkp.o
      2580         60          0          0          0          0   stm32f10x_can.o
       424         14          0          0          0          0   stm32f10x_dac.o
       316         28          0          0          0          0   stm32f10x_exti.o
      1560         54          0          0          0          0   stm32f10x_fsmc.o
       856         40          0          0          0          0   stm32f10x_gpio.o
       372         32          0          2          0          0   stm32f10x_it.o
        64          6          0          0          0          0   stm32f10x_iwdg.o
       216         16          0          0          0          0   stm32f10x_pwr.o
       932         52          0         20          0          0   stm32f10x_rcc.o
       376         32          0          0          0          0   stm32f10x_rtc.o
       784         12          0          0          0          0   stm32f10x_spi.o
      1036         20          0          0          0          0   stm32f10x_usart.o
       456         36          0         20          0          0   system_stm32f10x.o
       196          0          0          0          0          0   systick.o
      1092         38          0          8       5388          0   touch.o
      1076        160          0          1       5376          0   touch_task.o
       460        130        113          0          0          0   usart.o
       272        120        113          0          0          0   usart_task.o

    ----------------------------------------------------------------------
     51396       5820       1160        224     243340          0   Object Totals
         0          0         32          0          0          0   (incl. Generated)
         2          0         13          9          0          3   (incl. Padding)

    ----------------------------------------------------------------------

      Code (inc. data)   RO Data    RW Data    ZI Data      Debug   Library Member Name

         8          0          0          0          0          0   __main.o
        52          8          0          0          0          0   __scatter.o
        26          0          0          0          0          0   __scatter_copy.o
        28          0          0          0          0          0   __scatter_zi.o
        22          0          0          0          0          0   _rserrno.o
        12          0          0          0          0          0   exit.o
         6          0          0          0          0          0   heapauxi.o
         6          0          0          0          0          0   libinit.o
         2          0          0          0          0          0   libinit2.o
         2          0          0          0          0          0   libshutdown.o
         2          0          0          0          0          0   libshutdown2.o
         8          4          0          0         96          0   libspace.o
        12          4          0          0          0          0   rt_errno_addr_intlibspace.o
        12          4          0          0          0          0   rt_fp_status_addr_intlibspace.o
         0          0          0          0          0          0   rtentry.o
        12          0          0          0          0          0   rtentry2.o
         6          0          0          0          0          0   rtentry4.o
         2          0          0          0          0          0   rtexit.o
        10          0          0          0          0          0   rtexit2.o
        12          4          0          0          0          0   sys_exit.o
        74          0          0          0          0          0   sys_stackheap_outer.o
         2          0          0          0          0          0   use_no_semi.o
        98          4          0          0          0          0   d2f.o
       822         16          0          0          0          0   daddsub_clz.o
        16          4          0          0          0          0   dcheck1.o
       688        140          0          0          0          0   ddiv.o
        90          4          0          0          0          0   dfixu.o
        38          0          0          0          0          0   dflt_clz.o
       340         12          0          0          0          0   dmul.o
       156          4          0          0          0          0   dnaninf.o
        12          0          0          0          0          0   dretinf.o
       460         56          0          0          0          0   dsqrt_noumaal.o
        86          4          0          0          0          0   f2d.o
       450          8          0          0          0          0   faddsub_clz.o
       388         76          0          0          0          0   fdiv.o
        54          4          0          0          0          0   ffix.o
        62          4          0          0          0          0   ffixu.o
        86          0          0          0          0          0   fflt_clz.o
       258          4          0          0          0          0   fmul.o
       140          4          0          0          0          0   fnaninf.o
        14          0          0          0          0          0   fpinit.o
        10          0          0          0          0          0   fretinf.o
       100          0          0          0          0          0   retnan.o
        96          0          0          0          0          0   scalbn.o
        48          0          0          0          0          0   trapv.o
         0          0          0          0          0          0   usenofp.o
       548         68        152          0          0          0   atan.o
        16          6          0          0          0          0   dunder.o
        40          0          0          0          0          0   fpclassify.o
       170          0          0          0          0          0   poly.o
        74          0          0          0          0          0   sqrt.o

    ----------------------------------------------------------------------
      5700        442        152          0        100          0   Library Totals
        24          0          0          0          4          0   (incl. Padding)

    ----------------------------------------------------------------------

      Code (inc. data)   RO Data    RW Data    ZI Data      Debug   Library Name

       316         24          0          0         96        808   c_w.l
      4512        344          0          0          0       2500   fz_ws.l
       848         74        152          0          0        444   m_ws.l

    ----------------------------------------------------------------------
      5700        442        152          0        100          0   Library Totals

    ----------------------------------------------------------------------

==============================================================================


      Code (inc. data)   RO Data    RW Data    ZI Data      Debug   

     57096       6262       1312        224     243440     476132   Grand Totals
     57096       6262       1312        224     243440     476132   ELF Image Totals
     57096       6262       1312        224          0          0   ROM Totals

==============================================================================

    Total RO  Size (Code + RO Data)                58408 (  57.04kB)
    Total RW  Size (RW Data + ZI Data)            243664 ( 237.95kB)
    Total ROM Size (Code + RO Data + RW Data)      58632 (  57.26kB)

==============================================================================

